<html>
<body>
<pre>
<h1>µVision Build Log</h1>
<h2>Tool Versions:</h2>
IDE-Version: ¦ÌVision V5.14.0.0
Copyright (C) 2015 ARM Ltd and ARM Germany GmbH. All rights reserved.
License Information: 1 1395872252@qq.com, 1, LIC=BUURY-I7BY1-FWY2N-YDV9A-B0KQ7-12NRS
 
Tool Versions:
Toolchain:       MDK-ARM Standard  Version: 5.14.0.0
Toolchain Path:  D:\Keil_v5\ARM\ARMCC\Bin
C Compiler:      Armcc.exe V5.05 update 1 (build 106)
Assembler:       Armasm.exe V5.05 update 1 (build 106)
Linker/Locator:  ArmLink.exe V5.05 update 1 (build 106)
Library Manager: ArmAr.exe V5.05 update 1 (build 106)
Hex Converter:   FromElf.exe V5.05 update 1 (build 106)
CPU DLL:         SARMCM3.DLL V5.14.0.0
Dialog DLL:      DCM.DLL V1.13.1.0
Target DLL:      STLink\ST-LINKIII-KEIL_SWO.dll V2.0.14.0_KEIL
Dialog DLL:      TCM.DLL V1.14.4.0
 
<h2>Project:</h2>
D:\Program Files\STMicroelectronics\STM32Cube\STM32CubeMX\Project\Thermal_Imaging_0501\MDK-ARM\Thermal_Imaging.uvprojx
Project File Date:  05/01/2026

<h2>Output:</h2>
Rebuild target 'Thermal_Imaging'
assembling startup_stm32f407xx.s...
compiling main.c...
../Drivers/BSP/W25Q64/w25q64.h(57): warning:  #1-D: last line of file ends without a newline
  #endif
../Core/Src/main.c: 1 warning, 0 errors
compiling gpio.c...
compiling adc.c...
compiling fsmc.c...
compiling i2c.c...
compiling spi.c...
compiling usart.c...
compiling stm32f4xx_it.c...
compiling stm32f4xx_hal_msp.c...
compiling usb_device.c...
compiling usbd_desc.c...
compiling usbd_storage_if.c...
../Drivers/BSP/W25Q64/w25q64.h(57): warning:  #1-D: last line of file ends without a newline
  #endif
..\USB_DEVICE\App\usbd_storage_if.c: 1 warning, 0 errors
compiling usbd_conf.c...
compiling stm32f4xx_hal_pcd.c...
compiling stm32f4xx_hal_pcd_ex.c...
compiling stm32f4xx_ll_usb.c...
compiling stm32f4xx_hal_rcc.c...
compiling stm32f4xx_hal_rcc_ex.c...
compiling stm32f4xx_hal_flash.c...
compiling stm32f4xx_hal_flash_ex.c...
compiling stm32f4xx_hal_flash_ramfunc.c...
compiling stm32f4xx_hal_gpio.c...
compiling stm32f4xx_hal_dma_ex.c...
compiling stm32f4xx_hal_dma.c...
compiling stm32f4xx_hal_pwr.c...
compiling stm32f4xx_hal_pwr_ex.c...
compiling stm32f4xx_hal_cortex.c...
compiling stm32f4xx_hal.c...
compiling stm32f4xx_hal_exti.c...
compiling stm32f4xx_hal_adc.c...
compiling stm32f4xx_hal_adc_ex.c...
compiling stm32f4xx_ll_adc.c...
compiling stm32f4xx_ll_fsmc.c...
compiling stm32f4xx_hal_sram.c...
compiling stm32f4xx_hal_i2c.c...
compiling stm32f4xx_hal_i2c_ex.c...
compiling stm32f4xx_hal_spi.c...
compiling stm32f4xx_hal_tim.c...
compiling stm32f4xx_hal_tim_ex.c...
compiling stm32f4xx_hal_uart.c...
compiling system_stm32f4xx.c...
compiling usbd_core.c...
compiling usbd_ctlreq.c...
compiling usbd_ioreq.c...
compiling usbd_msc.c...
compiling usbd_msc_bot.c...
compiling usbd_msc_data.c...
compiling usbd_msc_scsi.c...
compiling lcd.c...
compiling MLX90640_API.cpp...
compiling MLX90640.c...
..\Drivers\BSP\functions\MLX90640.c(351): warning:  #1-D: last line of file ends without a newline
  }
..\Drivers\BSP\functions\MLX90640.c: 1 warning, 0 errors
compiling MLX90640_I2C_Driver.cpp...
compiling w25q64.c...
..\Drivers\BSP\W25Q64\w25q64.h(57): warning:  #1-D: last line of file ends without a newline
  #endif
..\Drivers\BSP\W25Q64\w25q64.c: 1 warning, 0 errors
compiling fatfs.c...
compiling user_diskio.c...
../Drivers/BSP/W25Q64/w25q64.h(57): warning:  #1-D: last line of file ends without a newline
  #endif
..\FATFS\Target\user_diskio.c: 1 warning, 0 errors
compiling syscall.c...
compiling diskio.c...
compiling ff.c...
compiling ff_gen_drv.c...
linking...
Program Size: Code=71700 RO-data=15828 RW-data=464 ZI-data=39568  
FromELF: creating hex file...
"Thermal_Imaging\Thermal_Imaging.axf" - 0 Error(s), 5 Warning(s).

<h2>Software Packages used:</h2>

Package Vendor: ARM
                http://www.keil.com/pack/ARM.CMSIS.4.2.0.pack
                ARM::CMSIS:CORE:3.40.0
                CMSIS (Cortex Microcontroller Software Interface Standard)
   * Component: CORE Version: 3.40.0

<h2>Collection of Component include folders:</h2>
  D:\Program Files\STMicroelectronics\STM32Cube\STM32CubeMX\Project\Thermal_Imaging_0501\MDK-ARM\RTE
  D:\Keil_v5\ARM\PACK\ARM\CMSIS\4.2.0\CMSIS\Include
  D:\Keil_v5\ARM\PACK\Keil\STM32F4xx_DFP\2.11.0

<h2>Collection of Component Files used:</h2>

   * Component: ARM::CMSIS:CORE:3.40.0
      Source file:   CMSIS\UserCodeTemplates\ARM\ITM_Retarget.c
</pre>
</body>
</html>
