Component: ARM Compiler 5.05 update 1 (build 106) Tool: armlink [4d0efa]

==============================================================================

Section Cross References

    startup_stm32f407xx.o(RESET) refers to startup_stm32f407xx.o(STACK) for __initial_sp
    startup_stm32f407xx.o(RESET) refers to startup_stm32f407xx.o(.text) for Reset_Handler
    startup_stm32f407xx.o(RESET) refers to stm32f4xx_it.o(i.NMI_Handler) for NMI_Handler
    startup_stm32f407xx.o(RESET) refers to stm32f4xx_it.o(i.HardFault_Handler) for HardFault_Handler
    startup_stm32f407xx.o(RESET) refers to stm32f4xx_it.o(i.MemManage_Handler) for MemManage_Handler
    startup_stm32f407xx.o(RESET) refers to stm32f4xx_it.o(i.BusFault_Handler) for BusFault_Handler
    startup_stm32f407xx.o(RESET) refers to stm32f4xx_it.o(i.UsageFault_Handler) for UsageFault_Handler
    startup_stm32f407xx.o(RESET) refers to stm32f4xx_it.o(i.SVC_Handler) for SVC_Handler
    startup_stm32f407xx.o(RESET) refers to stm32f4xx_it.o(i.DebugMon_Handler) for DebugMon_Handler
    startup_stm32f407xx.o(RESET) refers to stm32f4xx_it.o(i.PendSV_Handler) for PendSV_Handler
    startup_stm32f407xx.o(RESET) refers to stm32f4xx_it.o(i.SysTick_Handler) for SysTick_Handler
    startup_stm32f407xx.o(RESET) refers to stm32f4xx_it.o(i.EXTI2_IRQHandler) for EXTI2_IRQHandler
    startup_stm32f407xx.o(RESET) refers to stm32f4xx_it.o(i.EXTI3_IRQHandler) for EXTI3_IRQHandler
    startup_stm32f407xx.o(RESET) refers to stm32f4xx_it.o(i.OTG_FS_IRQHandler) for OTG_FS_IRQHandler
    startup_stm32f407xx.o(.text) refers to system_stm32f4xx.o(i.SystemInit) for SystemInit
    startup_stm32f407xx.o(.text) refers to entry.o(.ARM.Collect$$$$00000000) for __main
    main.o(i.HAL_GPIO_EXTI_Callback) refers to printfa.o(i.__0printf) for __2printf
    main.o(i.HAL_GPIO_EXTI_Callback) refers to main.o(.data) for save_image_flag
    main.o(i.SaveScreenBMP) refers to memcpya.o(.text) for __aeabi_memcpy4
    main.o(i.SaveScreenBMP) refers to printfa.o(i.__0sprintf) for __2sprintf
    main.o(i.SaveScreenBMP) refers to ff.o(i.f_open) for f_open
    main.o(i.SaveScreenBMP) refers to printfa.o(i.__0printf) for __2printf
    main.o(i.SaveScreenBMP) refers to ff.o(i.f_write) for f_write
    main.o(i.SaveScreenBMP) refers to ff.o(i.f_close) for f_close
    main.o(i.SaveScreenBMP) refers to lcd.o(i.lcd_read_point) for lcd_read_point
    main.o(i.SaveScreenBMP) refers to ff.o(i.f_sync) for f_sync
    main.o(i.SaveScreenBMP) refers to lcd.o(.bss) for lcddev
    main.o(i.SaveScreenBMP) refers to main.o(.bss) for bmp_header
    main.o(i.SaveScreenBMP) refers to main.o(.data) for file_count
    main.o(i.SaveScreenBMP) refers to main.o(.constdata) for pad
    main.o(i.SystemClock_Config) refers to memseta.o(.text) for __aeabi_memclr4
    main.o(i.SystemClock_Config) refers to stm32f4xx_hal_rcc.o(i.HAL_RCC_OscConfig) for HAL_RCC_OscConfig
    main.o(i.SystemClock_Config) refers to main.o(i.Error_Handler) for Error_Handler
    main.o(i.SystemClock_Config) refers to stm32f4xx_hal_rcc.o(i.HAL_RCC_ClockConfig) for HAL_RCC_ClockConfig
    main.o(i.main) refers to stm32f4xx_hal.o(i.HAL_Init) for HAL_Init
    main.o(i.main) refers to main.o(i.SystemClock_Config) for SystemClock_Config
    main.o(i.main) refers to gpio.o(i.MX_GPIO_Init) for MX_GPIO_Init
    main.o(i.main) refers to adc.o(i.MX_ADC1_Init) for MX_ADC1_Init
    main.o(i.main) refers to fsmc.o(i.MX_FSMC_Init) for MX_FSMC_Init
    main.o(i.main) refers to usb_device.o(i.MX_USB_DEVICE_Init) for MX_USB_DEVICE_Init
    main.o(i.main) refers to spi.o(i.MX_SPI3_Init) for MX_SPI3_Init
    main.o(i.main) refers to w25q64.o(i.W25Q64_Init) for W25Q64_Init
    main.o(i.main) refers to usart.o(i.MX_USART6_UART_Init) for MX_USART6_UART_Init
    main.o(i.main) refers to i2c.o(i.MX_I2C2_Init) for MX_I2C2_Init
    main.o(i.main) refers to fatfs_1.o(i.MX_FATFS_Init) for MX_FATFS_Init
    main.o(i.main) refers to mlx90640_i2c_driver.o(i.MLX90640_I2CInit) for MLX90640_I2CInit
    main.o(i.main) refers to lcd.o(i.lcd_init) for lcd_init
    main.o(i.main) refers to gpio.o(i.led_init) for led_init
    main.o(i.main) refers to mlx90640_api.o(i.MLX90640_SetRefreshRate) for MLX90640_SetRefreshRate
    main.o(i.main) refers to mlx90640_api.o(i.MLX90640_GetRefreshRate) for MLX90640_GetRefreshRate
    main.o(i.main) refers to mlx90640_api.o(i.MLX90640_SetChessMode) for MLX90640_SetChessMode
    main.o(i.main) refers to stm32f4xx_hal.o(i.HAL_Delay) for HAL_Delay
    main.o(i.main) refers to mlx90640_api.o(i.MLX90640_DumpEE) for MLX90640_DumpEE
    main.o(i.main) refers to mlx90640_api.o(i.MLX90640_ExtractParameters) for MLX90640_ExtractParameters
    main.o(i.main) refers to mlx90640_api.o(i.MLX90640_GetFrameData) for MLX90640_GetFrameData
    main.o(i.main) refers to mlx90640_api.o(i.MLX90640_GetTa) for MLX90640_GetTa
    main.o(i.main) refers to f2d.o(.text) for __aeabi_f2d
    main.o(i.main) refers to dadd.o(.text) for __aeabi_dsub
[...]
    HAL_MspInit                              0x0800228d   Thumb Code    68  stm32f4xx_hal_msp.o(i.HAL_MspInit)
    HAL_NVIC_EnableIRQ                       0x080022d5   Thumb Code    32  stm32f4xx_hal_cortex.o(i.HAL_NVIC_EnableIRQ)
    HAL_NVIC_SetPriority                     0x080022f5   Thumb Code   124  stm32f4xx_hal_cortex.o(i.HAL_NVIC_SetPriority)
    HAL_NVIC_SetPriorityGrouping             0x08002371   Thumb Code    32  stm32f4xx_hal_cortex.o(i.HAL_NVIC_SetPriorityGrouping)
    HAL_PCDEx_LPM_Callback                   0x08002399   Thumb Code     2  stm32f4xx_hal_pcd_ex.o(i.HAL_PCDEx_LPM_Callback)
    HAL_PCDEx_SetRxFiFo                      0x0800239b   Thumb Code    10  stm32f4xx_hal_pcd_ex.o(i.HAL_PCDEx_SetRxFiFo)
    HAL_PCDEx_SetTxFiFo                      0x080023a5   Thumb Code    78  stm32f4xx_hal_pcd_ex.o(i.HAL_PCDEx_SetTxFiFo)
    HAL_PCD_ConnectCallback                  0x080023f3   Thumb Code    14  usbd_conf.o(i.HAL_PCD_ConnectCallback)
    HAL_PCD_DataInStageCallback              0x08002401   Thumb Code    32  usbd_conf.o(i.HAL_PCD_DataInStageCallback)
    HAL_PCD_DataOutStageCallback             0x08002421   Thumb Code    32  usbd_conf.o(i.HAL_PCD_DataOutStageCallback)
    HAL_PCD_DisconnectCallback               0x08002441   Thumb Code    14  usbd_conf.o(i.HAL_PCD_DisconnectCallback)
    HAL_PCD_EP_Close                         0x0800244f   Thumb Code   106  stm32f4xx_hal_pcd.o(i.HAL_PCD_EP_Close)
    HAL_PCD_EP_ClrStall                      0x080024b9   Thumb Code   124  stm32f4xx_hal_pcd.o(i.HAL_PCD_EP_ClrStall)
    HAL_PCD_EP_Flush                         0x08002535   Thumb Code    68  stm32f4xx_hal_pcd.o(i.HAL_PCD_EP_Flush)
    HAL_PCD_EP_GetRxCount                    0x08002579   Thumb Code    22  stm32f4xx_hal_pcd.o(i.HAL_PCD_EP_GetRxCount)
    HAL_PCD_EP_Open                          0x0800258f   Thumb Code   140  stm32f4xx_hal_pcd.o(i.HAL_PCD_EP_Open)
    HAL_PCD_EP_Receive                       0x0800261b   Thumb Code    88  stm32f4xx_hal_pcd.o(i.HAL_PCD_EP_Receive)
    HAL_PCD_EP_SetStall                      0x08002673   Thumb Code   138  stm32f4xx_hal_pcd.o(i.HAL_PCD_EP_SetStall)
    HAL_PCD_EP_Transmit                      0x080026fd   Thumb Code    90  stm32f4xx_hal_pcd.o(i.HAL_PCD_EP_Transmit)
    HAL_PCD_IRQHandler                       0x08002757   Thumb Code  1372  stm32f4xx_hal_pcd.o(i.HAL_PCD_IRQHandler)
    HAL_PCD_ISOINIncompleteCallback          0x08002cb3   Thumb Code    18  usbd_conf.o(i.HAL_PCD_ISOINIncompleteCallback)
    HAL_PCD_ISOOUTIncompleteCallback         0x08002cc5   Thumb Code    18  usbd_conf.o(i.HAL_PCD_ISOOUTIncompleteCallback)
    HAL_PCD_Init                             0x08002cd7   Thumb Code   358  stm32f4xx_hal_pcd.o(i.HAL_PCD_Init)
    HAL_PCD_MspInit                          0x08002e3d   Thumb Code   160  usbd_conf.o(i.HAL_PCD_MspInit)
    HAL_PCD_ResetCallback                    0x08002ee5   Thumb Code    48  usbd_conf.o(i.HAL_PCD_ResetCallback)
    HAL_PCD_ResumeCallback                   0x08002f15   Thumb Code    14  usbd_conf.o(i.HAL_PCD_ResumeCallback)
    HAL_PCD_SOFCallback                      0x08002f23   Thumb Code    14  usbd_conf.o(i.HAL_PCD_SOFCallback)
    HAL_PCD_SetAddress                       0x08002f31   Thumb Code    54  stm32f4xx_hal_pcd.o(i.HAL_PCD_SetAddress)
    HAL_PCD_SetupStageCallback               0x08002f67   Thumb Code    18  usbd_conf.o(i.HAL_PCD_SetupStageCallback)
    HAL_PCD_Start                            0x08002f79   Thumb Code    74  stm32f4xx_hal_pcd.o(i.HAL_PCD_Start)
    HAL_PCD_SuspendCallback                  0x08002fc5   Thumb Code    46  usbd_conf.o(i.HAL_PCD_SuspendCallback)
    HAL_RCC_ClockConfig                      0x08002ff9   Thumb Code   368  stm32f4xx_hal_rcc.o(i.HAL_RCC_ClockConfig)
    HAL_RCC_GetHCLKFreq                      0x0800317d   Thumb Code     6  stm32f4xx_hal_rcc.o(i.HAL_RCC_GetHCLKFreq)
    HAL_RCC_GetPCLK1Freq                     0x08003189   Thumb Code    22  stm32f4xx_hal_rcc.o(i.HAL_RCC_GetPCLK1Freq)
    HAL_RCC_GetPCLK2Freq                     0x080031a9   Thumb Code    22  stm32f4xx_hal_rcc.o(i.HAL_RCC_GetPCLK2Freq)
    HAL_RCC_GetSysClockFreq                  0x080031c9   Thumb Code   162  stm32f4xx_hal_rcc.o(i.HAL_RCC_GetSysClockFreq)
    HAL_RCC_OscConfig                        0x08003279   Thumb Code  1172  stm32f4xx_hal_rcc.o(i.HAL_RCC_OscConfig)
    HAL_SPI_Init                             0x08003715   Thumb Code   200  stm32f4xx_hal_spi.o(i.HAL_SPI_Init)
    HAL_SPI_MspInit                          0x080037dd   Thumb Code   124  spi.o(i.HAL_SPI_MspInit)
    HAL_SPI_TransmitReceive                  0x08003865   Thumb Code   554  stm32f4xx_hal_spi.o(i.HAL_SPI_TransmitReceive)
    HAL_SRAM_Init                            0x08003a8f   Thumb Code    88  stm32f4xx_hal_sram.o(i.HAL_SRAM_Init)
    HAL_SRAM_MspInit                         0x08003ae7   Thumb Code    10  fsmc.o(i.HAL_SRAM_MspInit)
    HAL_SYSTICK_Config                       0x08003af1   Thumb Code    52  stm32f4xx_hal_cortex.o(i.HAL_SYSTICK_Config)
    HAL_UART_Init                            0x08003b25   Thumb Code   114  stm32f4xx_hal_uart.o(i.HAL_UART_Init)
    HAL_UART_MspInit                         0x08003b99   Thumb Code   122  usart.o(i.HAL_UART_MspInit)
    HAL_UART_Transmit                        0x08003c21   Thumb Code   210  stm32f4xx_hal_uart.o(i.HAL_UART_Transmit)
    HardFault_Handler                        0x08003cf3   Thumb Code     4  stm32f4xx_it.o(i.HardFault_Handler)
    MLX90640_BadPixelsCorrection             0x08004235   Thumb Code   700  mlx90640_api.o(i.MLX90640_BadPixelsCorrection)
    MLX90640_CalculateTo                     0x080044f1   Thumb Code  1968  mlx90640_api.o(i.MLX90640_CalculateTo)
    MLX90640_DumpEE                          0x08004cb5   Thumb Code    24  mlx90640_api.o(i.MLX90640_DumpEE)
    MLX90640_ExtractParameters               0x08004ccd   Thumb Code   126  mlx90640_api.o(i.MLX90640_ExtractParameters)
    MLX90640_GetFrameData                    0x08004d4b   Thumb Code   196  mlx90640_api.o(i.MLX90640_GetFrameData)
    MLX90640_GetRefreshRate                  0x08004e0f   Thumb Code    38  mlx90640_api.o(i.MLX90640_GetRefreshRate)
    MLX90640_GetTa                           0x08004e35   Thumb Code   232  mlx90640_api.o(i.MLX90640_GetTa)
    MLX90640_GetVdd                          0x08004f2d   Thumb Code   184  mlx90640_api.o(i.MLX90640_GetVdd)
    MLX90640_I2CInit                         0x08004fed   Thumb Code     8  mlx90640_i2c_driver.o(i.MLX90640_I2CInit)
    MLX90640_I2CRead                         0x08004ff5   Thumb Code    90  mlx90640_i2c_driver.o(i.MLX90640_I2CRead)
    MLX90640_I2CWrite                        0x08005055   Thumb Code   108  mlx90640_i2c_driver.o(i.MLX90640_I2CWrite)
    MLX90640_SetChessMode                    0x080050c9   Thumb Code    48  mlx90640_api.o(i.MLX90640_SetChessMode)
    MLX90640_SetRefreshRate                  0x080050f9   Thumb Code    58  mlx90640_api.o(i.MLX90640_SetRefreshRate)
    MSC_BOT_CplClrFeature                    0x0800527d   Thumb Code    68  usbd_msc_bot.o(i.MSC_BOT_CplClrFeature)
    MSC_BOT_DataIn                           0x080052c1   Thumb Code    86  usbd_msc_bot.o(i.MSC_BOT_DataIn)
    MSC_BOT_DataOut                          0x08005317   Thumb Code    76  usbd_msc_bot.o(i.MSC_BOT_DataOut)
    MSC_BOT_DeInit                           0x08005363   Thumb Code    14  usbd_msc_bot.o(i.MSC_BOT_DeInit)
    MSC_BOT_Init                             0x08005371   Thumb Code    80  usbd_msc_bot.o(i.MSC_BOT_Init)
    MSC_BOT_Reset                            0x080053c1   Thumb Code    56  usbd_msc_bot.o(i.MSC_BOT_Reset)
    MSC_BOT_SendCSW                          0x080053f9   Thumb Code    66  usbd_msc_bot.o(i.MSC_BOT_SendCSW)
    MX_ADC1_Init                             0x080054a1   Thumb Code   100  adc.o(i.MX_ADC1_Init)
    MX_FATFS_Init                            0x08005511   Thumb Code    16  fatfs_1.o(i.MX_FATFS_Init)
    MX_FSMC_Init                             0x0800552d   Thumb Code   114  fsmc.o(i.MX_FSMC_Init)
    MX_GPIO_Init                             0x080055a9   Thumb Code   392  gpio.o(i.MX_GPIO_Init)
    MX_I2C2_Init                             0x0800573d   Thumb Code    48  i2c.o(i.MX_I2C2_Init)
    MX_SPI3_Init                             0x08005779   Thumb Code    60  spi.o(i.MX_SPI3_Init)
    MX_USART6_UART_Init                      0x080057bd   Thumb Code    46  usart.o(i.MX_USART6_UART_Init)
    MX_USB_DEVICE_Init                       0x080057f5   Thumb Code    60  usb_device.o(i.MX_USB_DEVICE_Init)
    MemManage_Handler                        0x08005841   Thumb Code     4  stm32f4xx_it.o(i.MemManage_Handler)
    MySPI_Init                               0x08005845   Thumb Code    14  w25q64.o(i.MySPI_Init)
    MySPI_Start                              0x08005859   Thumb Code    16  w25q64.o(i.MySPI_Start)
    MySPI_Stop                               0x0800586d   Thumb Code    14  w25q64.o(i.MySPI_Stop)
    MySPI_SwapByte                           0x08005881   Thumb Code    30  w25q64.o(i.MySPI_SwapByte)
    NMI_Handler                              0x080058a5   Thumb Code     4  stm32f4xx_it.o(i.NMI_Handler)
    OTG_FS_IRQHandler                        0x080058a9   Thumb Code    10  stm32f4xx_it.o(i.OTG_FS_IRQHandler)
    PendSV_Handler                           0x08005b4f   Thumb Code     2  stm32f4xx_it.o(i.PendSV_Handler)
    SCSI_ProcessCmd                          0x08005cd5   Thumb Code   336  usbd_msc_scsi.o(i.SCSI_ProcessCmd)
    SCSI_SenseCode                           0x0800650d   Thumb Code    94  usbd_msc_scsi.o(i.SCSI_SenseCode)
    SVC_Handler                              0x08006b61   Thumb Code     2  stm32f4xx_it.o(i.SVC_Handler)
    SaveScreenBMP                            0x08006b91   Thumb Code   500  main.o(i.SaveScreenBMP)
    SysTick_Handler                          0x08006e69   Thumb Code     8  stm32f4xx_it.o(i.SysTick_Handler)
    SystemClock_Config                       0x08006e71   Thumb Code   172  main.o(i.SystemClock_Config)
    SystemInit                               0x08006f25   Thumb Code     2  system_stm32f4xx.o(i.SystemInit)
    USBD_ClrClassConfig                      0x080071e7   Thumb Code    28  usbd_core.o(i.USBD_ClrClassConfig)
    USBD_CtlContinueRx                       0x08007241   Thumb Code    24  usbd_ioreq.o(i.USBD_CtlContinueRx)
    USBD_CtlContinueSendData                 0x08007259   Thumb Code    24  usbd_ioreq.o(i.USBD_CtlContinueSendData)
    USBD_CtlError                            0x08007271   Thumb Code    24  usbd_ctlreq.o(i.USBD_CtlError)
    USBD_CtlReceiveStatus                    0x08007289   Thumb Code    26  usbd_ioreq.o(i.USBD_CtlReceiveStatus)
    USBD_CtlSendData                         0x080072a3   Thumb Code    34  usbd_ioreq.o(i.USBD_CtlSendData)
    USBD_CtlSendStatus                       0x080072c5   Thumb Code    26  usbd_ioreq.o(i.USBD_CtlSendStatus)
    USBD_FS_ConfigStrDescriptor              0x080072e1   Thumb Code    34  usbd_desc.o(i.USBD_FS_ConfigStrDescriptor)
    USBD_FS_DeviceDescriptor                 0x08007315   Thumb Code    10  usbd_desc.o(i.USBD_FS_DeviceDescriptor)
    USBD_FS_InterfaceStrDescriptor           0x08007325   Thumb Code    34  usbd_desc.o(i.USBD_FS_InterfaceStrDescriptor)
    USBD_FS_LangIDStrDescriptor              0x0800735d   Thumb Code    10  usbd_desc.o(i.USBD_FS_LangIDStrDescriptor)
    USBD_FS_ManufacturerStrDescriptor        0x0800736d   Thumb Code    20  usbd_desc.o(i.USBD_FS_ManufacturerStrDescriptor)
    USBD_FS_ProductStrDescriptor             0x08007399   Thumb Code    34  usbd_desc.o(i.USBD_FS_ProductStrDescriptor)
    USBD_FS_SerialStrDescriptor              0x080073d5   Thumb Code    18  usbd_desc.o(i.USBD_FS_SerialStrDescriptor)
    USBD_GetString                           0x080076af   Thumb Code    84  usbd_ctlreq.o(i.USBD_GetString)
    USBD_Get_USB_Status                      0x08007703   Thumb Code    44  usbd_conf.o(i.USBD_Get_USB_Status)
    USBD_Init                                0x0800772f   Thumb Code    58  usbd_core.o(i.USBD_Init)
    USBD_LL_ClearStallEP                     0x08007769   Thumb Code    38  usbd_conf.o(i.USBD_LL_ClearStallEP)
    USBD_LL_CloseEP                          0x0800778f   Thumb Code    38  usbd_conf.o(i.USBD_LL_CloseEP)
    USBD_LL_DataInStage                      0x080077b5   Thumb Code   226  usbd_core.o(i.USBD_LL_DataInStage)
    USBD_LL_DataOutStage                     0x08007897   Thumb Code   142  usbd_core.o(i.USBD_LL_DataOutStage)
    USBD_LL_DevConnected                     0x08007925   Thumb Code     6  usbd_core.o(i.USBD_LL_DevConnected)
    USBD_LL_DevDisconnected                  0x0800792b   Thumb Code    32  usbd_core.o(i.USBD_LL_DevDisconnected)
    USBD_LL_FlushEP                          0x0800794b   Thumb Code    38  usbd_conf.o(i.USBD_LL_FlushEP)
    USBD_LL_GetRxDataSize                    0x08007971   Thumb Code    18  usbd_conf.o(i.USBD_LL_GetRxDataSize)
    USBD_LL_Init                             0x08007985   Thumb Code   100  usbd_conf.o(i.USBD_LL_Init)
    USBD_LL_IsStallEP                        0x080079ed   Thumb Code    56  usbd_conf.o(i.USBD_LL_IsStallEP)
    USBD_LL_IsoINIncomplete                  0x08007a25   Thumb Code    48  usbd_core.o(i.USBD_LL_IsoINIncomplete)
    USBD_LL_IsoOUTIncomplete                 0x08007a55   Thumb Code    48  usbd_core.o(i.USBD_LL_IsoOUTIncomplete)
    USBD_LL_OpenEP                           0x08007a85   Thumb Code    48  usbd_conf.o(i.USBD_LL_OpenEP)
    USBD_LL_PrepareReceive                   0x08007ab5   Thumb Code    48  usbd_conf.o(i.USBD_LL_PrepareReceive)
    USBD_LL_Reset                            0x08007ae5   Thumb Code   108  usbd_core.o(i.USBD_LL_Reset)
    USBD_LL_Resume                           0x08007b51   Thumb Code    22  usbd_core.o(i.USBD_LL_Resume)
    USBD_LL_SOF                              0x08007b67   Thumb Code    44  usbd_core.o(i.USBD_LL_SOF)
    USBD_LL_SetSpeed                         0x08007b93   Thumb Code     8  usbd_core.o(i.USBD_LL_SetSpeed)
    USBD_LL_SetUSBAddress                    0x08007b9b   Thumb Code    38  usbd_conf.o(i.USBD_LL_SetUSBAddress)
    USBD_LL_SetupStage                       0x08007bc1   Thumb Code   118  usbd_core.o(i.USBD_LL_SetupStage)
    USBD_LL_StallEP                          0x08007c37   Thumb Code    38  usbd_conf.o(i.USBD_LL_StallEP)
    USBD_LL_Start                            0x08007c5d   Thumb Code    30  usbd_conf.o(i.USBD_LL_Start)
    USBD_LL_Suspend                          0x08007c7b   Thumb Code    20  usbd_core.o(i.USBD_LL_Suspend)
    USBD_LL_Transmit                         0x08007c8f   Thumb Code    48  usbd_conf.o(i.USBD_LL_Transmit)
    USBD_MSC_DataIn                          0x08007cbf   Thumb Code    18  usbd_msc.o(i.USBD_MSC_DataIn)
    USBD_MSC_DataOut                         0x08007cd1   Thumb Code    18  usbd_msc.o(i.USBD_MSC_DataOut)
    USBD_MSC_DeInit                          0x08007ce3   Thumb Code    62  usbd_msc.o(i.USBD_MSC_DeInit)
    USBD_MSC_GetDeviceQualifierDescriptor    0x08007d21   Thumb Code    10  usbd_msc.o(i.USBD_MSC_GetDeviceQualifierDescriptor)
    USBD_MSC_GetFSCfgDesc                    0x08007d31   Thumb Code    10  usbd_msc.o(i.USBD_MSC_GetFSCfgDesc)
    USBD_MSC_GetHSCfgDesc                    0x08007d41   Thumb Code    10  usbd_msc.o(i.USBD_MSC_GetHSCfgDesc)
    USBD_MSC_GetOtherSpeedCfgDesc            0x08007d51   Thumb Code    10  usbd_msc.o(i.USBD_MSC_GetOtherSpeedCfgDesc)
    USBD_MSC_Init                            0x08007d61   Thumb Code   118  usbd_msc.o(i.USBD_MSC_Init)
    USBD_MSC_RegisterStorage                 0x08007dd7   Thumb Code    16  usbd_msc.o(i.USBD_MSC_RegisterStorage)
    USBD_MSC_Setup                           0x08007de7   Thumb Code   330  usbd_msc.o(i.USBD_MSC_Setup)
    USBD_ParseSetupRequest                   0x08007f31   Thumb Code    54  usbd_ctlreq.o(i.USBD_ParseSetupRequest)
    USBD_RegisterClass                       0x08007f67   Thumb Code    46  usbd_core.o(i.USBD_RegisterClass)
    USBD_RunTestMode                         0x08007f95   Thumb Code     6  usbd_core.o(i.USBD_RunTestMode)
    USBD_SetClassConfig                      0x08007ff5   Thumb Code    32  usbd_core.o(i.USBD_SetClassConfig)
    USBD_Start                               0x08008129   Thumb Code    12  usbd_core.o(i.USBD_Start)
    USBD_StdDevReq                           0x08008135   Thumb Code   166  usbd_ctlreq.o(i.USBD_StdDevReq)
    USBD_StdEPReq                            0x080081db   Thumb Code   556  usbd_ctlreq.o(i.USBD_StdEPReq)
    USBD_StdItfReq                           0x08008407   Thumb Code   126  usbd_ctlreq.o(i.USBD_StdItfReq)
    USBD_static_free                         0x08008485   Thumb Code     2  usbd_conf.o(i.USBD_static_free)
    USBD_static_malloc                       0x08008489   Thumb Code     6  usbd_conf.o(i.USBD_static_malloc)
    USB_ActivateEndpoint                     0x08008495   Thumb Code   202  stm32f4xx_ll_usb.o(i.USB_ActivateEndpoint)
    USB_ActivateSetup                        0x08008565   Thumb Code    40  stm32f4xx_ll_usb.o(i.USB_ActivateSetup)
    USB_CoreInit                             0x0800858d   Thumb Code   128  stm32f4xx_ll_usb.o(i.USB_CoreInit)
    USB_DeactivateEndpoint                   0x08008665   Thumb Code   318  stm32f4xx_ll_usb.o(i.USB_DeactivateEndpoint)
    USB_DevConnect                           0x080087b1   Thumb Code    36  stm32f4xx_ll_usb.o(i.USB_DevConnect)
    USB_DevDisconnect                        0x080087d5   Thumb Code    36  stm32f4xx_ll_usb.o(i.USB_DevDisconnect)
    USB_DevInit                              0x080087f9   Thumb Code   472  stm32f4xx_ll_usb.o(i.USB_DevInit)
    USB_DisableGlobalInt                     0x080089d9   Thumb Code    14  stm32f4xx_ll_usb.o(i.USB_DisableGlobalInt)
    USB_EP0StartXfer                         0x080089e9   Thumb Code   468  stm32f4xx_ll_usb.o(i.USB_EP0StartXfer)
    USB_EP0_OutStart                         0x08008bc1   Thumb Code   106  stm32f4xx_ll_usb.o(i.USB_EP0_OutStart)
    USB_EPClearStall                         0x08008c31   Thumb Code   142  stm32f4xx_ll_usb.o(i.USB_EPClearStall)
    USB_EPSetStall                           0x08008cbf   Thumb Code   154  stm32f4xx_ll_usb.o(i.USB_EPSetStall)
    USB_EPStartXfer                          0x08008d59   Thumb Code   832  stm32f4xx_ll_usb.o(i.USB_EPStartXfer)
    USB_EnableGlobalInt                      0x0800909d   Thumb Code    14  stm32f4xx_ll_usb.o(i.USB_EnableGlobalInt)
    USB_FlushRxFifo                          0x080090ad   Thumb Code    44  stm32f4xx_ll_usb.o(i.USB_FlushRxFifo)
    USB_FlushTxFifo                          0x080090dd   Thumb Code    48  stm32f4xx_ll_usb.o(i.USB_FlushTxFifo)
    USB_GetDevSpeed                          0x08009111   Thumb Code    38  stm32f4xx_ll_usb.o(i.USB_GetDevSpeed)
    USB_GetMode                              0x08009137   Thumb Code    10  stm32f4xx_ll_usb.o(i.USB_GetMode)
    USB_ReadDevAllInEpInterrupt              0x08009141   Thumb Code    20  stm32f4xx_ll_usb.o(i.USB_ReadDevAllInEpInterrupt)
    USB_ReadDevAllOutEpInterrupt             0x08009155   Thumb Code    20  stm32f4xx_ll_usb.o(i.USB_ReadDevAllOutEpInterrupt)
    USB_ReadDevInEPInterrupt                 0x08009169   Thumb Code    50  stm32f4xx_ll_usb.o(i.USB_ReadDevInEPInterrupt)
    USB_ReadDevOutEPInterrupt                0x0800919b   Thumb Code    26  stm32f4xx_ll_usb.o(i.USB_ReadDevOutEPInterrupt)
    USB_ReadInterrupts                       0x080091b5   Thumb Code    10  stm32f4xx_ll_usb.o(i.USB_ReadInterrupts)
    USB_ReadPacket                           0x080091bf   Thumb Code    96  stm32f4xx_ll_usb.o(i.USB_ReadPacket)
    USB_SetCurrentMode                       0x0800921f   Thumb Code   104  stm32f4xx_ll_usb.o(i.USB_SetCurrentMode)
    USB_SetDevAddress                        0x08009287   Thumb Code    42  stm32f4xx_ll_usb.o(i.USB_SetDevAddress)
    USB_SetDevSpeed                          0x080092b1   Thumb Code    18  stm32f4xx_ll_usb.o(i.USB_SetDevSpeed)
    USB_SetTurnaroundTime                    0x080092c5   Thumb Code   192  stm32f4xx_ll_usb.o(i.USB_SetTurnaroundTime)
    USB_WritePacket                          0x080093ad   Thumb Code    68  stm32f4xx_ll_usb.o(i.USB_WritePacket)
    USER_initialize                          0x080093f1   Thumb Code    20  user_diskio_1.o(i.USER_initialize)
    USER_ioctl                               0x08009409   Thumb Code    54  user_diskio_1.o(i.USER_ioctl)
    USER_read                                0x0800943f   Thumb Code    34  user_diskio_1.o(i.USER_read)
    USER_status                              0x08009461   Thumb Code    34  user_diskio_1.o(i.USER_status)
    USER_write                               0x08009489   Thumb Code    36  user_diskio_1.o(i.USER_write)
    UsageFault_Handler                       0x080094ad   Thumb Code     4  stm32f4xx_it.o(i.UsageFault_Handler)
    W25Q64_Init                              0x080094b1   Thumb Code     8  w25q64.o(i.W25Q64_Init)
    W25Q64_PageProgram                       0x080094b9   Thumb Code    76  w25q64.o(i.W25Q64_PageProgram)
    W25Q64_Read                              0x08009505   Thumb Code    70  w25q64.o(i.W25Q64_Read)
    W25Q64_ReadID                            0x0800954b   Thumb Code    48  w25q64.o(i.W25Q64_ReadID)
    W25Q64_SectorErase                       0x0800957b   Thumb Code    52  w25q64.o(i.W25Q64_SectorErase)
    W25Q64_WaitBusy                          0x080095b1   Thumb Code    44  w25q64.o(i.W25Q64_WaitBusy)
    W25Q64_Write                             0x080095e1   Thumb Code   180  w25q64.o(i.W25Q64_Write)
    W25Q64_WriteEnable                       0x08009699   Thumb Code    18  w25q64.o(i.W25Q64_WriteEnable)
    W25Q64_Write_NoCheck                     0x080096ab   Thumb Code    70  w25q64.o(i.W25Q64_Write_NoCheck)
    IsPixelBad(unsigned short, paramsMLX90640*) 0x080096f1   Thumb Code    50  mlx90640_api.o(i._Z10IsPixelBadtP14paramsMLX90640)
    CheckAdjacentPixels(unsigned short, unsigned short) 0x08009723   Thumb Code    58  mlx90640_api.o(i._Z19CheckAdjacentPixelstt)
    ExtractCPParameters(unsigned short*, paramsMLX90640*) 0x0800975d   Thumb Code   494  mlx90640_api.o(i._Z19ExtractCPParametersPtP14paramsMLX90640)
    ExtractTgcParameters(unsigned short*, paramsMLX90640*) 0x08009959   Thumb Code    54  mlx90640_api.o(i._Z20ExtractTgcParametersPtP14paramsMLX90640)
    ExtractVDDParameters(unsigned short*, paramsMLX90640*) 0x08009995   Thumb Code    52  mlx90640_api.o(i._Z20ExtractVDDParametersPtP14paramsMLX90640)
    ExtractCILCParameters(unsigned short*, paramsMLX90640*) 0x080099c9   Thumb Code   194  mlx90640_api.o(i._Z21ExtractCILCParametersPtP14paramsMLX90640)
    ExtractGainParameters(unsigned short*, paramsMLX90640*) 0x08009a95   Thumb Code    20  mlx90640_api.o(i._Z21ExtractGainParametersPtP14paramsMLX90640)
    ExtractKsTaParameters(unsigned short*, paramsMLX90640*) 0x08009aa9   Thumb Code    56  mlx90640_api.o(i._Z21ExtractKsTaParametersPtP14paramsMLX90640)
    ExtractKsToParameters(unsigned short*, paramsMLX90640*) 0x08009ae5   Thumb Code   240  mlx90640_api.o(i._Z21ExtractKsToParametersPtP14paramsMLX90640)
    ExtractPTATParameters(unsigned short*, paramsMLX90640*) 0x08009bdd   Thumb Code   194  mlx90640_api.o(i._Z21ExtractPTATParametersPtP14paramsMLX90640)
    ExtractAlphaParameters(unsigned short*, paramsMLX90640*) 0x08009cb1   Thumb Code   826  mlx90640_api.o(i._Z22ExtractAlphaParametersPtP14paramsMLX90640)
    ExtractDeviatingPixels(unsigned short*, paramsMLX90640*) 0x08009ff5   Thumb Code   350  mlx90640_api.o(i._Z22ExtractDeviatingPixelsPtP14paramsMLX90640)
    ExtractOffsetParameters(unsigned short*, paramsMLX90640*) 0x0800a153   Thumb Code   448  mlx90640_api.o(i._Z23ExtractOffsetParametersPtP14paramsMLX90640)
    ExtractKvPixelParameters(unsigned short*, paramsMLX90640*) 0x0800a313   Thumb Code   566  mlx90640_api.o(i._Z24ExtractKvPixelParametersPtP14paramsMLX90640)
    ExtractKtaPixelParameters(unsigned short*, paramsMLX90640*) 0x0800a549   Thumb Code   670  mlx90640_api.o(i._Z25ExtractKtaPixelParametersPtP14paramsMLX90640)
    ExtractResolutionParameters(unsigned short*, paramsMLX90640*) 0x0800a7ed   Thumb Code    14  mlx90640_api.o(i._Z27ExtractResolutionParametersPtP14paramsMLX90640)
    GetMedian(float*, int)                   0x0800a7fb   Thumb Code   132  mlx90640_api.o(i._Z9GetMedianPfi)
    std::fabs(float)                         0x0800a87f   Thumb Code     8  mlx90640_api.o(i._ZSt4fabsf)
    std::sqrt(float)                         0x0800a887   Thumb Code    12  mlx90640_api.o(i._ZSt4sqrtf)
    __0printf                                0x0800a895   Thumb Code    22  printfa.o(i.__0printf)
    __1printf                                0x0800a895   Thumb Code     0  printfa.o(i.__0printf)
    __2printf                                0x0800a895   Thumb Code     0  printfa.o(i.__0printf)
    __c89printf                              0x0800a895   Thumb Code     0  printfa.o(i.__0printf)
    printf                                   0x0800a895   Thumb Code     0  printfa.o(i.__0printf)
    __0sprintf                               0x0800a8b5   Thumb Code    34  printfa.o(i.__0sprintf)
    __1sprintf                               0x0800a8b5   Thumb Code     0  printfa.o(i.__0sprintf)
    __2sprintf                               0x0800a8b5   Thumb Code     0  printfa.o(i.__0sprintf)
    __c89sprintf                             0x0800a8b5   Thumb Code     0  printfa.o(i.__0sprintf)
    sprintf                                  0x0800a8b5   Thumb Code     0  printfa.o(i.__0sprintf)
    __ARM_fpclassify                         0x0800a8dd   Thumb Code    40  fpclassify.o(i.__ARM_fpclassify)
    __kernel_poly                            0x0800a93d   Thumb Code   170  poly.o(i.__kernel_poly)
    __mathlib_dbl_divzero                    0x0800a9e9   Thumb Code    12  dunder.o(i.__mathlib_dbl_divzero)
    __mathlib_dbl_infnan2                    0x0800a9f9   Thumb Code     4  dunder.o(i.__mathlib_dbl_infnan2)
    __mathlib_dbl_invalid                    0x0800a9fd   Thumb Code    12  dunder.o(i.__mathlib_dbl_invalid)
    __mathlib_dbl_overflow                   0x0800aa09   Thumb Code    14  dunder.o(i.__mathlib_dbl_overflow)
    __mathlib_dbl_underflow                  0x0800aa19   Thumb Code    10  dunder.o(i.__mathlib_dbl_underflow)
    __scatterload_copy                       0x0800aa29   Thumb Code    14  handlers.o(i.__scatterload_copy)
    __scatterload_null                       0x0800aa37   Thumb Code     2  handlers.o(i.__scatterload_null)
    __scatterload_zeroinit                   0x0800aa39   Thumb Code    14  handlers.o(i.__scatterload_zeroinit)
    __set_errno                              0x0800aa49   Thumb Code     6  errno.o(i.__set_errno)
    disk_initialize                          0x0800b925   Thumb Code    40  diskio.o(i.disk_initialize)
    disk_ioctl                               0x0800b951   Thumb Code    36  diskio.o(i.disk_ioctl)
    disk_read                                0x0800b979   Thumb Code    42  diskio.o(i.disk_read)
    disk_status                              0x0800b9a9   Thumb Code    24  diskio.o(i.disk_status)
    disk_write                               0x0800b9c5   Thumb Code    42  diskio.o(i.disk_write)
    f_close                                  0x0800ba1d   Thumb Code    44  ff.o(i.f_close)
    f_mkfs                                   0x0800ba49   Thumb Code  1654  ff.o(i.f_mkfs)
    f_mount                                  0x0800c0cd   Thumb Code    92  ff.o(i.f_mount)
    f_open                                   0x0800c12d   Thumb Code   560  ff.o(i.f_open)
    f_read                                   0x0800c35d   Thumb Code   428  ff.o(i.f_read)
    f_sync                                   0x0800c509   Thumb Code   160  ff.o(i.f_sync)
    f_write                                  0x0800c5a9   Thumb Code   494  ff.o(i.f_write)
    fputc                                    0x0800cb3d   Thumb Code    22  usart.o(i.fputc)
    get_fattime                              0x0800cc39   Thumb Code     4  fatfs_1.o(i.get_fattime)
    lcd_clear                                0x0800cd41   Thumb Code    42  lcd.o(i.lcd_clear)
    lcd_display_dir                          0x0800cd75   Thumb Code   360  lcd.o(i.lcd_display_dir)
    lcd_draw_point                           0x0800cee1   Thumb Code    26  lcd.o(i.lcd_draw_point)
    lcd_ex_ili9341_reginit                   0x0800cf01   Thumb Code   556  lcd.o(i.lcd_ex_ili9341_reginit)
    lcd_ex_ili9806_reginit                   0x0800d12d   Thumb Code   832  lcd.o(i.lcd_ex_ili9806_reginit)
    lcd_ex_nt35310_reginit                   0x0800d46d   Thumb Code  3826  lcd.o(i.lcd_ex_nt35310_reginit)
    lcd_ex_nt35510_reginit                   0x0800e35f   Thumb Code  3950  lcd.o(i.lcd_ex_nt35510_reginit)
    lcd_ex_ssd1963_reginit                   0x0800f2cd   Thumb Code   360  lcd.o(i.lcd_ex_ssd1963_reginit)
    lcd_ex_st7789_reginit                    0x0800f435   Thumb Code   424  lcd.o(i.lcd_ex_st7789_reginit)
    lcd_ex_st7796_reginit                    0x0800f5dd   Thumb Code   454  lcd.o(i.lcd_ex_st7796_reginit)
    lcd_init                                 0x0800f7a5   Thumb Code  1348  lcd.o(i.lcd_init)
    lcd_read_point                           0x0800fd19   Thumb Code   148  lcd.o(i.lcd_read_point)
    lcd_scan_dir                             0x0800fdb1   Thumb Code   568  lcd.o(i.lcd_scan_dir)
    lcd_set_cursor                           0x0800ffed   Thumb Code   282  lcd.o(i.lcd_set_cursor)
    lcd_set_window                           0x0801010d   Thumb Code   362  lcd.o(i.lcd_set_window)
    lcd_show_char                            0x0801027d   Thumb Code   294  lcd.o(i.lcd_show_char)
    lcd_show_string                          0x080103bd   Thumb Code   106  lcd.o(i.lcd_show_string)
    lcd_ssd_backlight_set                    0x08010465   Thumb Code    80  lcd.o(i.lcd_ssd_backlight_set)
    lcd_wr_data                              0x080104b9   Thumb Code    18  lcd.o(i.lcd_wr_data)
    lcd_wr_regno                             0x080104d1   Thumb Code    18  lcd.o(i.lcd_wr_regno)
    lcd_write_ram_prepare                    0x080104e9   Thumb Code    10  lcd.o(i.lcd_write_ram_prepare)
    lcd_write_reg                            0x080104fd   Thumb Code    14  lcd.o(i.lcd_write_reg)
    led_init                                 0x0801055d   Thumb Code    80  gpio.o(i.led_init)
    main                                     0x080105b5   Thumb Code   868  main.o(i.main)
    pow                                      0x08010c31   Thumb Code  2478  pow.o(i.pow)
    sqrt                                     0x080117bb   Thumb Code    76  sqrt.o(i.sqrt)
    sqrtf                                    0x08011807   Thumb Code    44  sqrtf.o(i.sqrtf)
    STORAGE_Inquirydata_FS                   0x080119df   Data          36  usbd_storage_if.o(.constdata)
    AHBPrescTable                            0x08011a03   Data          16  system_stm32f4xx.o(.constdata)
    APBPrescTable                            0x08011a13   Data           8  system_stm32f4xx.o(.constdata)
    asc2_1206                                0x08011a1b   Data        1140  lcd.o(.constdata)
    asc2_1608                                0x08011e8f   Data        1520  lcd.o(.constdata)
    asc2_2412                                0x0801247f   Data        3420  lcd.o(.constdata)
    asc2_3216                                0x080131db   Data        6080  lcd.o(.constdata)
    font16x8                                 0x0801499b   Data        1520  lcd.o(.constdata)
    Num1626                                  0x08014f8b   Data         728  lcd.o(.constdata)
    __mathlib_zero                           0x080155c0   Data           8  qnan.o(.constdata)
    Region$$Table$$Base                      0x080155c8   Number         0  anon$$obj.o(Region$$Table)
    Region$$Table$$Limit                     0x080155e8   Number         0  anon$$obj.o(Region$$Table)
    save_image_flag                          0x20000000   Data           1  main.o(.data)
    capture_in_progress                      0x20000001   Data           1  main.o(.data)
    x                                        0x20000002   Data           1  main.o(.data)
    refreshRate                              0x20000004   Data           4  main.o(.data)
    iic_addr                                 0x20000008   Data           1  main.o(.data)
    statusRegister                           0x2000000a   Data           2  main.o(.data)
    Ta                                       0x2000000c   Data           4  main.o(.data)
    vdd                                      0x20000010   Data           4  main.o(.data)
    tr                                       0x20000014   Data           4  main.o(.data)
    emissivity                               0x20000018   Data           4  main.o(.data)
    status                                   0x2000001c   Data           4  main.o(.data)
    FS_Desc                                  0x2000002c   Data          28  usbd_desc.o(.data)
    USBD_FS_DeviceDesc                       0x20000048   Data          18  usbd_desc.o(.data)
    USBD_LangIDDesc                          0x2000005c   Data           4  usbd_desc.o(.data)
    USBD_StringSerial                        0x20000060   Data          26  usbd_desc.o(.data)
    usb_storage_busy                         0x2000007c   Data           1  usbd_storage_if.o(.data)
    USBD_Storage_Interface_fops_FS           0x20000080   Data          32  usbd_storage_if.o(.data)
    uwTick                                   0x200000a0   Data           4  stm32f4xx_hal.o(.data)
    uwTickPrio                               0x200000a4   Data           4  stm32f4xx_hal.o(.data)
    uwTickFreq                               0x200000a8   Data           1  stm32f4xx_hal.o(.data)
    SystemCoreClock                          0x200000ac   Data           4  system_stm32f4xx.o(.data)
    USBD_MSC                                 0x200000b4   Data          56  usbd_msc.o(.data)
    MSC_Page00_Inquiry_Data                  0x20000156   Data           6  usbd_msc_data.o(.data)
    MSC_Page80_Inquiry_Data                  0x2000015c   Data           8  usbd_msc_data.o(.data)
    MSC_Mode_Sense6_data                     0x20000164   Data          23  usbd_msc_data.o(.data)
    MSC_Mode_Sense10_data                    0x2000017b   Data          27  usbd_msc_data.o(.data)
    g_point_color                            0x20000198   Data           4  lcd.o(.data)
    g_back_color                             0x2000019c   Data           4  lcd.o(.data)
    retUSER                                  0x200001a2   Data           1  fatfs_1.o(.data)
    USERPath                                 0x200001a3   Data           4  fatfs_1.o(.data)
    USER_Driver                              0x200001ac   Data          20  user_diskio_1.o(.data)
    __stdout                                 0x200001c8   Data           4  stdout.o(.data)
    bmp_header                               0x200001d0   Data          54  main.o(.bss)
    mlx90640                                 0x20000208   Data        4732  main.o(.bss)
    lcd_id                                   0x20001484   Data          12  main.o(.bss)
    frame                                    0x20001b10   Data        1668  main.o(.bss)
    mlx90640_Zoom10                          0x20002194   Data        1668  main.o(.bss)
    DisBuf                                   0x20002818   Data        3200  main.o(.bss)
    mlx90640To                               0x20003498   Data        3072  main.o(.bss)
    hadc1                                    0x20004098   Data          72  adc.o(.bss)
    hsram1                                   0x200040e0   Data          80  fsmc.o(.bss)
    hi2c2                                    0x20004130   Data          84  i2c.o(.bss)
    hspi3                                    0x20004184   Data          88  spi.o(.bss)
    huart6                                   0x200041dc   Data          68  usart.o(.bss)
    hUsbDeviceFS                             0x20004220   Data         720  usb_device.o(.bss)
    USBD_StrDesc                             0x200044f0   Data         512  usbd_desc.o(.bss)
    hpcd_USB_OTG_FS                          0x200046f0   Data        1032  usbd_conf.o(.bss)
    g_sram_handle                            0x20005b70   Data          80  lcd.o(.bss)
    lcddev                                   0x20005bc0   Data          14  lcd.o(.bss)
    W25Q64_BUFFER                            0x20005bce   Data        4096  w25q64.o(.bss)
    USERFatFS                                0x20006bd0   Data        4144  fatfs_1.o(.bss)
    USERFile                                 0x20007c00   Data        4144  fatfs_1.o(.bss)
    disk                                     0x20008c50   Data          12  ff_gen_drv.o(.bss)
    __initial_sp                             0x20009c60   Data           0  startup_stm32f407xx.o(STACK)



==============================================================================

Memory Map of the image

  Image Entry point : 0x08000189

  Load Region LR_IROM1 (Base: 0x08000000, Size: 0x000157b8, Max: 0x00080000, ABSOLUTE, COMPRESSED[0x000156c8])

    Execution Region ER_IROM1 (Base: 0x08000000, Size: 0x000155e8, Max: 0x00080000, ABSOLUTE)

    Base Addr    Size         Type   Attr      Idx    E Section Name        Object

    0x08000000   0x00000188   Data   RO            3    RESET               startup_stm32f407xx.o
    0x08000188   0x00000000   Code   RO         6840  * .ARM.Collect$$$$00000000  mc_w.l(entry.o)
    0x08000188   0x00000004   Code   RO         7175    .ARM.Collect$$$$00000001  mc_w.l(entry2.o)
    0x0800018c   0x00000004   Code   RO         7178    .ARM.Collect$$$$00000004  mc_w.l(entry5.o)
    0x08000190   0x00000000   Code   RO         7180    .ARM.Collect$$$$00000008  mc_w.l(entry7b.o)
    0x08000190   0x00000000   Code   RO         7182    .ARM.Collect$$$$0000000A  mc_w.l(entry8b.o)
    0x08000190   0x00000008   Code   RO         7183    .ARM.Collect$$$$0000000B  mc_w.l(entry9a.o)
    0x08000198   0x00000000   Code   RO         7185    .ARM.Collect$$$$0000000D  mc_w.l(entry10a.o)
    0x08000198   0x00000000   Code   RO         7187    .ARM.Collect$$$$0000000F  mc_w.l(entry11a.o)
    0x08000198   0x00000004   Code   RO         7176    .ARM.Collect$$$$00002712  mc_w.l(entry2.o)
    0x0800019c   0x00000024   Code   RO            4    .text               startup_stm32f407xx.o
    0x080001c0   0x00000062   Code   RO         6843    .text               mc_w.l(uldiv.o)
    0x08000222   0x00000024   Code   RO         6845    .text               mc_w.l(memcpya.o)
    0x08000246   0x00000024   Code   RO         6847    .text               mc_w.l(memseta.o)
    0x0800026a   0x0000000e   Code   RO         6849    .text               mc_w.l(strlen.o)
    0x08000278   0x000000b0   Code   RO         7114    .text               mf_w.l(fadd.o)
    0x08000328   0x00000064   Code   RO         7116    .text               mf_w.l(fmul.o)
    0x0800038c   0x0000007c   Code   RO         7118    .text               mf_w.l(fdiv.o)
    0x08000408   0x0000014e   Code   RO         7120    .text               mf_w.l(dadd.o)
    0x08000556   0x000000e4   Code   RO         7122    .text               mf_w.l(dmul.o)
    0x0800063a   0x000000de   Code   RO         7124    .text               mf_w.l(ddiv.o)
    0x08000718   0x00000012   Code   RO         7126    .text               mf_w.l(fflti.o)
    0x0800072a   0x0000000a   Code   RO         7128    .text               mf_w.l(ffltui.o)
    0x08000734   0x00000022   Code   RO         7130    .text               mf_w.l(dflti.o)
    0x08000756   0x0000001a   Code   RO         7132    .text               mf_w.l(dfltui.o)
    0x08000770   0x00000032   Code   RO         7134    .text               mf_w.l(ffixi.o)
    0x080007a2   0x00000028   Code   RO         7136    .text               mf_w.l(ffixui.o)
    0x080007ca   0x00000032   Code   RO         7138    .text               mf_w.l(dfixui.o)
    0x080007fc   0x00000026   Code   RO         7140    .text               mf_w.l(f2d.o)
    0x08000822   0x00000038   Code   RO         7142    .text               mf_w.l(d2f.o)
    0x0800085a   0x00000002   PAD
    0x0800085c   0x00000014   Code   RO         7144    .text               mf_w.l(cfcmple.o)
    0x08000870   0x00000014   Code   RO         7146    .text               mf_w.l(cfrcmple.o)
    0x08000884   0x0000002c   Code   RO         7190    .text               mc_w.l(uidiv.o)
    0x080008b0   0x0000001e   Code   RO         7192    .text               mc_w.l(llshl.o)
    0x080008ce   0x00000020   Code   RO         7194    .text               mc_w.l(llushr.o)
    0x080008ee   0x00000024   Code   RO         7196    .text               mc_w.l(llsshr.o)
    0x08000912   0x00000000   Code   RO         7205    .text               mc_w.l(iusefp.o)
    0x08000912   0x0000006e   Code   RO         7206    .text               mf_w.l(fepilogue.o)
    0x08000980   0x0000005e   Code   RO         7208    .text               mf_w.l(fsqrt.o)
    0x080009de   0x000000ba   Code   RO         7210    .text               mf_w.l(depilogue.o)
    0x08000a98   0x0000002e   Code   RO         7212    .text               mf_w.l(dscalb.o)
    0x08000ac6   0x00000030   Code   RO         7214    .text               mf_w.l(dfixul.o)
    0x08000af6   0x00000002   PAD
    0x08000af8   0x00000030   Code   RO         7216    .text               mf_w.l(cdrcmple.o)
    0x08000b28   0x00000024   Code   RO         7218    .text               mc_w.l(init.o)
    0x08000b4c   0x000000a2   Code   RO         7220    .text               mf_w.l(dsqrt.o)
    0x08000bee   0x00000056   Code   RO         7232    .text               mc_w.l(__dczerorl2.o)
    0x08000c44   0x00000160   Code   RO         2822    i.ADC_Init          stm32f4xx_hal_adc.o
    0x08000da4   0x00000004   Code   RO          529    i.BusFault_Handler  stm32f4xx_it.o
    0x08000da8   0x00000002   Code   RO          530    i.DebugMon_Handler  stm32f4xx_it.o
    0x08000daa   0x00000002   PAD
    0x08000dac   0x00000248   Code   RO         5906    i.Disp_TempPic      mlx90640.o
    0x08000ff4   0x00000048   Code   RO         5907    i.Draw2x2Block      mlx90640.o
    0x0800103c   0x00000044   Code   RO         5908    i.DrawCrosshair     mlx90640.o
    0x08001080   0x00000036   Code   RO         5909    i.DrawFullThermalRegion  mlx90640.o
    0x080010b6   0x0000003e   Code   RO         5910    i.DrawThermalRow    mlx90640.o
    0x080010f4   0x000000dc   Code   RO         5911    i.DrawTopRows       mlx90640.o
    0x080011d0   0x00000078   Code   RO         5912    i.DrawValueMarker   mlx90640.o
    0x08001248   0x0000000a   Code   RO          531    i.EXTI2_IRQHandler  stm32f4xx_it.o
    0x08001252   0x0000000a   Code   RO          532    i.EXTI3_IRQHandler  stm32f4xx_it.o
    0x0800125c   0x00000006   Code   RO           13    i.Error_Handler     main.o
    0x08001262   0x00000012   Code   RO         6775    i.FATFS_LinkDriver  ff_gen_drv.o
    0x08001274   0x00000054   Code   RO         6776    i.FATFS_LinkDriverEx  ff_gen_drv.o
    0x080012c8   0x00000048   Code   RO         3105    i.FSMC_NORSRAM_Extended_Timing_Init  stm32f4xx_ll_fsmc.o
    0x08001310   0x0000005c   Code   RO         3106    i.FSMC_NORSRAM_Init  stm32f4xx_ll_fsmc.o
    0x0800136c   0x00000044   Code   RO         3107    i.FSMC_NORSRAM_Timing_Init  stm32f4xx_ll_fsmc.o
    0x080013b0   0x0000016c   Code   RO         5913    i.GetThermalColor   mlx90640.o
    0x0800151c   0x00000034   Code   RO          701    i.Get_SerialNum     usbd_desc.o
    0x08001550   0x0000018c   Code   RO         2824    i.HAL_ADC_ConfigChannel  stm32f4xx_hal_adc.o
    0x080016dc   0x00000068   Code   RO         2833    i.HAL_ADC_Init      stm32f4xx_hal_adc.o
    0x08001744   0x00000080   Code   RO          303    i.HAL_ADC_MspInit   adc.o
    0x080017c4   0x00000028   Code   RO         2568    i.HAL_Delay         stm32f4xx_hal.o
    0x080017ec   0x000000d0   Code   RO          345    i.HAL_FSMC_MspInit  fsmc.o
    0x080018bc   0x00000048   Code   RO           14    i.HAL_GPIO_EXTI_Callback  main.o
    0x08001904   0x0000001c   Code   RO         2036    i.HAL_GPIO_EXTI_IRQHandler  stm32f4xx_hal_gpio.o
    0x08001920   0x000001f0   Code   RO         2037    i.HAL_GPIO_Init     stm32f4xx_hal_gpio.o
    0x08001b10   0x00000014   Code   RO         2040    i.HAL_GPIO_TogglePin  stm32f4xx_hal_gpio.o
    0x08001b24   0x0000000c   Code   RO         2041    i.HAL_GPIO_WritePin  stm32f4xx_hal_gpio.o
    0x08001b30   0x0000000c   Code   RO         2574    i.HAL_GetTick       stm32f4xx_hal.o
    0x08001b3c   0x000001d0   Code   RO         3354    i.HAL_I2C_Init      stm32f4xx_hal_i2c.o
    0x08001d0c   0x000002f4   Code   RO         3372    i.HAL_I2C_Mem_Read  stm32f4xx_hal_i2c.o
    0x08002000   0x00000164   Code   RO         3375    i.HAL_I2C_Mem_Write  stm32f4xx_hal_i2c.o
    0x08002164   0x00000088   Code   RO          398    i.HAL_I2C_MspInit   i2c.o
    0x080021ec   0x00000018   Code   RO         2580    i.HAL_IncTick       stm32f4xx_hal.o
    0x08002204   0x0000003c   Code   RO         2581    i.HAL_Init          stm32f4xx_hal.o
    0x08002240   0x0000004c   Code   RO         2582    i.HAL_InitTick      stm32f4xx_hal.o
    0x0800228c   0x00000048   Code   RO          623    i.HAL_MspInit       stm32f4xx_hal_msp.o
    0x080022d4   0x00000020   Code   RO         2426    i.HAL_NVIC_EnableIRQ  stm32f4xx_hal_cortex.o
    0x080022f4   0x0000007c   Code   RO         2432    i.HAL_NVIC_SetPriority  stm32f4xx_hal_cortex.o
    0x08002370   0x00000028   Code   RO         2433    i.HAL_NVIC_SetPriorityGrouping  stm32f4xx_hal_cortex.o
    0x08002398   0x00000002   Code   RO         1291    i.HAL_PCDEx_LPM_Callback  stm32f4xx_hal_pcd_ex.o
    0x0800239a   0x0000000a   Code   RO         1292    i.HAL_PCDEx_SetRxFiFo  stm32f4xx_hal_pcd_ex.o
    0x080023a4   0x0000004e   Code   RO         1293    i.HAL_PCDEx_SetTxFiFo  stm32f4xx_hal_pcd_ex.o
    0x080023f2   0x0000000e   Code   RO          852    i.HAL_PCD_ConnectCallback  usbd_conf.o
    0x08002400   0x00000020   Code   RO          853    i.HAL_PCD_DataInStageCallback  usbd_conf.o
    0x08002420   0x00000020   Code   RO          854    i.HAL_PCD_DataOutStageCallback  usbd_conf.o
    0x08002440   0x0000000e   Code   RO          855    i.HAL_PCD_DisconnectCallback  usbd_conf.o
    0x0800244e   0x0000006a   Code   RO         1068    i.HAL_PCD_EP_Close  stm32f4xx_hal_pcd.o
    0x080024b8   0x0000007c   Code   RO         1069    i.HAL_PCD_EP_ClrStall  stm32f4xx_hal_pcd.o
    0x08002534   0x00000044   Code   RO         1070    i.HAL_PCD_EP_Flush  stm32f4xx_hal_pcd.o
    0x08002578   0x00000016   Code   RO         1071    i.HAL_PCD_EP_GetRxCount  stm32f4xx_hal_pcd.o
    0x0800258e   0x0000008c   Code   RO         1072    i.HAL_PCD_EP_Open   stm32f4xx_hal_pcd.o
    0x0800261a   0x00000058   Code   RO         1073    i.HAL_PCD_EP_Receive  stm32f4xx_hal_pcd.o
    0x08002672   0x0000008a   Code   RO         1074    i.HAL_PCD_EP_SetStall  stm32f4xx_hal_pcd.o
    0x080026fc   0x0000005a   Code   RO         1075    i.HAL_PCD_EP_Transmit  stm32f4xx_hal_pcd.o
    0x08002756   0x0000055c   Code   RO         1077    i.HAL_PCD_IRQHandler  stm32f4xx_hal_pcd.o
    0x08002cb2   0x00000012   Code   RO          856    i.HAL_PCD_ISOINIncompleteCallback  usbd_conf.o
    0x08002cc4   0x00000012   Code   RO          857    i.HAL_PCD_ISOOUTIncompleteCallback  usbd_conf.o
    0x08002cd6   0x00000166   Code   RO         1080    i.HAL_PCD_Init      stm32f4xx_hal_pcd.o
    0x08002e3c   0x000000a8   Code   RO          859    i.HAL_PCD_MspInit   usbd_conf.o
    0x08002ee4   0x00000030   Code   RO          860    i.HAL_PCD_ResetCallback  usbd_conf.o
    0x08002f14   0x0000000e   Code   RO          861    i.HAL_PCD_ResumeCallback  usbd_conf.o
    0x08002f22   0x0000000e   Code   RO          862    i.HAL_PCD_SOFCallback  usbd_conf.o
    0x08002f30   0x00000036   Code   RO         1086    i.HAL_PCD_SetAddress  stm32f4xx_hal_pcd.o
    0x08002f66   0x00000012   Code   RO          863    i.HAL_PCD_SetupStageCallback  usbd_conf.o
    0x08002f78   0x0000004a   Code   RO         1088    i.HAL_PCD_Start     stm32f4xx_hal_pcd.o
    0x08002fc2   0x00000002   PAD
    0x08002fc4   0x00000034   Code   RO          864    i.HAL_PCD_SuspendCallback  usbd_conf.o
    0x08002ff8   0x00000184   Code   RO         1638    i.HAL_RCC_ClockConfig  stm32f4xx_hal_rcc.o
    0x0800317c   0x0000000c   Code   RO         1643    i.HAL_RCC_GetHCLKFreq  stm32f4xx_hal_rcc.o
    0x08003188   0x00000020   Code   RO         1645    i.HAL_RCC_GetPCLK1Freq  stm32f4xx_hal_rcc.o
    0x080031a8   0x00000020   Code   RO         1646    i.HAL_RCC_GetPCLK2Freq  stm32f4xx_hal_rcc.o
    0x080031c8   0x000000b0   Code   RO         1647    i.HAL_RCC_GetSysClockFreq  stm32f4xx_hal_rcc.o
    0x08003278   0x0000049c   Code   RO         1650    i.HAL_RCC_OscConfig  stm32f4xx_hal_rcc.o
    0x08003714   0x000000c8   Code   RO         3844    i.HAL_SPI_Init      stm32f4xx_hal_spi.o
    0x080037dc   0x00000088   Code   RO          440    i.HAL_SPI_MspInit   spi.o
    0x08003864   0x0000022a   Code   RO         3853    i.HAL_SPI_TransmitReceive  stm32f4xx_hal_spi.o
    0x08003a8e   0x00000058   Code   RO         3227    i.HAL_SRAM_Init     stm32f4xx_hal_sram.o
    0x08003ae6   0x0000000a   Code   RO          347    i.HAL_SRAM_MspInit  fsmc.o
    0x08003af0   0x00000034   Code   RO         2437    i.HAL_SYSTICK_Config  stm32f4xx_hal_cortex.o
    0x08003b24   0x00000072   Code   RO         4220    i.HAL_UART_Init     stm32f4xx_hal_uart.o
    0x08003b96   0x00000002   PAD
    0x08003b98   0x00000088   Code   RO          482    i.HAL_UART_MspInit  usart.o
    0x08003c20   0x000000d2   Code   RO         4228    i.HAL_UART_Transmit  stm32f4xx_hal_uart.o
    0x08003cf2   0x00000004   Code   RO          533    i.HardFault_Handler  stm32f4xx_it.o
    0x08003cf6   0x0000003e   Code   RO         3397    i.I2C_IsAcknowledgeFailed  stm32f4xx_hal_i2c.o
    0x08003d34   0x00000160   Code   RO         3408    i.I2C_RequestMemoryRead  stm32f4xx_hal_i2c.o
    0x08003e94   0x000000e0   Code   RO         3409    i.I2C_RequestMemoryWrite  stm32f4xx_hal_i2c.o
    0x08003f74   0x0000005c   Code   RO         3417    i.I2C_WaitOnBTFFlagUntilTimeout  stm32f4xx_hal_i2c.o
    0x08003fd0   0x00000086   Code   RO         3418    i.I2C_WaitOnFlagUntilTimeout  stm32f4xx_hal_i2c.o
    0x08004056   0x000000c4   Code   RO         3419    i.I2C_WaitOnMasterAddressFlagUntilTimeout  stm32f4xx_hal_i2c.o
    0x0800411a   0x00000080   Code   RO         3420    i.I2C_WaitOnRXNEFlagUntilTimeout  stm32f4xx_hal_i2c.o
    0x0800419a   0x0000005c   Code   RO         3423    i.I2C_WaitOnTXEFlagUntilTimeout  stm32f4xx_hal_i2c.o
    0x080041f6   0x0000003e   Code   RO          702    i.IntToUnicode      usbd_desc.o
    0x08004234   0x000002bc   Code   RO         5502    i.MLX90640_BadPixelsCorrection  mlx90640_api.o
    0x080044f0   0x000007c4   Code   RO         5503    i.MLX90640_CalculateTo  mlx90640_api.o
    0x08004cb4   0x00000018   Code   RO         5504    i.MLX90640_DumpEE   mlx90640_api.o
    0x08004ccc   0x0000007e   Code   RO         5505    i.MLX90640_ExtractParameters  mlx90640_api.o
    0x08004d4a   0x000000c4   Code   RO         5508    i.MLX90640_GetFrameData  mlx90640_api.o
    0x08004e0e   0x00000026   Code   RO         5510    i.MLX90640_GetRefreshRate  mlx90640_api.o
    0x08004e34   0x000000f8   Code   RO         5512    i.MLX90640_GetTa    mlx90640_api.o
    0x08004f2c   0x000000c0   Code   RO         5513    i.MLX90640_GetVdd   mlx90640_api.o
    0x08004fec   0x00000008   Code   RO         5988    i.MLX90640_I2CInit  mlx90640_i2c_driver.o
    0x08004ff4   0x00000060   Code   RO         5989    i.MLX90640_I2CRead  mlx90640_i2c_driver.o
    0x08005054   0x00000074   Code   RO         5990    i.MLX90640_I2CWrite  mlx90640_i2c_driver.o
    0x080050c8   0x00000030   Code   RO         5514    i.MLX90640_SetChessMode  mlx90640_api.o
    0x080050f8   0x0000003a   Code   RO         5516    i.MLX90640_SetRefreshRate  mlx90640_api.o
    0x08005132   0x0000004e   Code   RO         4980    i.MSC_BOT_Abort     usbd_msc_bot.o
    0x08005180   0x000000fc   Code   RO         4981    i.MSC_BOT_CBW_Decode  usbd_msc_bot.o
    0x0800527c   0x00000044   Code   RO         4982    i.MSC_BOT_CplClrFeature  usbd_msc_bot.o
    0x080052c0   0x00000056   Code   RO         4983    i.MSC_BOT_DataIn    usbd_msc_bot.o
    0x08005316   0x0000004c   Code   RO         4984    i.MSC_BOT_DataOut   usbd_msc_bot.o
    0x08005362   0x0000000e   Code   RO         4985    i.MSC_BOT_DeInit    usbd_msc_bot.o
    0x08005370   0x00000050   Code   RO         4986    i.MSC_BOT_Init      usbd_msc_bot.o
    0x080053c0   0x00000038   Code   RO         4987    i.MSC_BOT_Reset     usbd_msc_bot.o
    0x080053f8   0x00000048   Code   RO         4988    i.MSC_BOT_SendCSW   usbd_msc_bot.o
    0x08005440   0x0000005e   Code   RO         4989    i.MSC_BOT_SendData  usbd_msc_bot.o
    0x0800549e   0x00000002   PAD
    0x080054a0   0x00000070   Code   RO          304    i.MX_ADC1_Init      adc.o
    0x08005510   0x0000001c   Code   RO         6230    i.MX_FATFS_Init     fatfs_1.o
    0x0800552c   0x0000007c   Code   RO          348    i.MX_FSMC_Init      fsmc.o
    0x080055a8   0x00000194   Code   RO          272    i.MX_GPIO_Init      gpio.o
    0x0800573c   0x0000003c   Code   RO          399    i.MX_I2C2_Init      i2c.o
    0x08005778   0x00000044   Code   RO          441    i.MX_SPI3_Init      spi.o
    0x080057bc   0x00000038   Code   RO          483    i.MX_USART6_UART_Init  usart.o
    0x080057f4   0x0000004c   Code   RO          647    i.MX_USB_DEVICE_Init  usb_device.o
    0x08005840   0x00000004   Code   RO          534    i.MemManage_Handler  stm32f4xx_it.o
    0x08005844   0x00000014   Code   RO         6122    i.MySPI_Init        w25q64.o
    0x08005858   0x00000014   Code   RO         6123    i.MySPI_Start       w25q64.o
    0x0800586c   0x00000014   Code   RO         6124    i.MySPI_Stop        w25q64.o
    0x08005880   0x00000024   Code   RO         6125    i.MySPI_SwapByte    w25q64.o
    0x080058a4   0x00000004   Code   RO          535    i.NMI_Handler       stm32f4xx_it.o
    0x080058a8   0x00000010   Code   RO          536    i.OTG_FS_IRQHandler  stm32f4xx_it.o
    0x080058b8   0x00000064   Code   RO         1092    i.PCD_EP_OutSetupPacket_int  stm32f4xx_hal_pcd.o
    0x0800591c   0x0000017c   Code   RO         1093    i.PCD_EP_OutXfrComplete_int  stm32f4xx_hal_pcd.o
    0x08005a98   0x000000b6   Code   RO         1094    i.PCD_WriteEmptyTxFifo  stm32f4xx_hal_pcd.o
    0x08005b4e   0x00000002   Code   RO          537    i.PendSV_Handler    stm32f4xx_it.o
    0x08005b50   0x00000030   Code   RO         5079    i.SCSI_AllowPreventRemovable  usbd_msc_scsi.o
    0x08005b80   0x0000003c   Code   RO         5080    i.SCSI_CheckAddressRange  usbd_msc_scsi.o
    0x08005bbc   0x000000b0   Code   RO         5081    i.SCSI_Inquiry      usbd_msc_scsi.o
    0x08005c6c   0x00000034   Code   RO         5082    i.SCSI_ModeSense10  usbd_msc_scsi.o
    0x08005ca0   0x00000034   Code   RO         5083    i.SCSI_ModeSense6   usbd_msc_scsi.o
    0x08005cd4   0x00000150   Code   RO         5084    i.SCSI_ProcessCmd   usbd_msc_scsi.o
    0x08005e24   0x000000d2   Code   RO         5085    i.SCSI_ProcessRead  usbd_msc_scsi.o
    0x08005ef6   0x00000102   Code   RO         5086    i.SCSI_ProcessWrite  usbd_msc_scsi.o
    0x08005ff8   0x00000106   Code   RO         5087    i.SCSI_Read10       usbd_msc_scsi.o
    0x080060fe   0x00000116   Code   RO         5088    i.SCSI_Read12       usbd_msc_scsi.o
    0x08006214   0x000000a8   Code   RO         5089    i.SCSI_ReadCapacity10  usbd_msc_scsi.o
    0x080062bc   0x000000ea   Code   RO         5090    i.SCSI_ReadCapacity16  usbd_msc_scsi.o
    0x080063a6   0x0000009e   Code   RO         5091    i.SCSI_ReadFormatCapacity  usbd_msc_scsi.o
    0x08006444   0x000000c8   Code   RO         5092    i.SCSI_RequestSense  usbd_msc_scsi.o
    0x0800650c   0x0000005e   Code   RO         5093    i.SCSI_SenseCode    usbd_msc_scsi.o
    0x0800656a   0x0000007c   Code   RO         5094    i.SCSI_StartStopUnit  usbd_msc_scsi.o
    0x080065e6   0x00000080   Code   RO         5095    i.SCSI_TestUnitReady  usbd_msc_scsi.o
    0x08006666   0x00000028   Code   RO         5096    i.SCSI_UpdateBotData  usbd_msc_scsi.o
    0x0800668e   0x00000058   Code   RO         5097    i.SCSI_Verify10     usbd_msc_scsi.o
    0x080066e6   0x0000014c   Code   RO         5098    i.SCSI_Write10      usbd_msc_scsi.o
    0x08006832   0x00000160   Code   RO         5099    i.SCSI_Write12      usbd_msc_scsi.o
    0x08006992   0x00000002   PAD
    0x08006994   0x0000006c   Code   RO         3882    i.SPI_EndRxTxTransaction  stm32f4xx_hal_spi.o
    0x08006a00   0x000000d8   Code   RO         3887    i.SPI_WaitFlagStateUntilTimeout  stm32f4xx_hal_spi.o
    0x08006ad8   0x00000010   Code   RO          791    i.STORAGE_GetCapacity_FS  usbd_storage_if.o
    0x08006ae8   0x00000004   Code   RO          792    i.STORAGE_GetMaxLun_FS  usbd_storage_if.o
    0x08006aec   0x0000000c   Code   RO          793    i.STORAGE_Init_FS   usbd_storage_if.o
    0x08006af8   0x00000006   Code   RO          794    i.STORAGE_IsReady_FS  usbd_storage_if.o
    0x08006afe   0x00000006   Code   RO          795    i.STORAGE_IsWriteProtected_FS  usbd_storage_if.o
    0x08006b04   0x0000002c   Code   RO          796    i.STORAGE_Read_FS   usbd_storage_if.o
    0x08006b30   0x00000030   Code   RO          797    i.STORAGE_Write_FS  usbd_storage_if.o
    0x08006b60   0x00000002   Code   RO          538    i.SVC_Handler       stm32f4xx_it.o
    0x08006b62   0x00000012   Code   RO         4733    i.SWAPBYTE          usbd_ctlreq.o
    0x08006b74   0x0000001c   Code   RO         5914    i.SafeGetMLXData    mlx90640.o
    0x08006b90   0x000002d8   Code   RO           15    i.SaveScreenBMP     main.o
    0x08006e68   0x00000008   Code   RO          539    i.SysTick_Handler   stm32f4xx_it.o
    0x08006e70   0x000000b4   Code   RO           16    i.SystemClock_Config  main.o
    0x08006f24   0x00000002   Code   RO         4559    i.SystemInit        system_stm32f4xx.o
    0x08006f26   0x00000002   PAD
    0x08006f28   0x0000022c   Code   RO         4247    i.UART_SetConfig    stm32f4xx_hal_uart.o
    0x08007154   0x00000092   Code   RO         4251    i.UART_WaitOnFlagUntilTimeout  stm32f4xx_hal_uart.o
    0x080071e6   0x0000001c   Code   RO         4595    i.USBD_ClrClassConfig  usbd_core.o
    0x08007202   0x0000003e   Code   RO         4734    i.USBD_ClrFeature   usbd_ctlreq.o
    0x08007240   0x00000018   Code   RO         4836    i.USBD_CtlContinueRx  usbd_ioreq.o
    0x08007258   0x00000018   Code   RO         4837    i.USBD_CtlContinueSendData  usbd_ioreq.o
    0x08007270   0x00000018   Code   RO         4735    i.USBD_CtlError     usbd_ctlreq.o
    0x08007288   0x0000001a   Code   RO         4839    i.USBD_CtlReceiveStatus  usbd_ioreq.o
    0x080072a2   0x00000022   Code   RO         4840    i.USBD_CtlSendData  usbd_ioreq.o
    0x080072c4   0x0000001a   Code   RO         4841    i.USBD_CtlSendStatus  usbd_ioreq.o
    0x080072de   0x00000002   PAD
    0x080072e0   0x00000034   Code   RO          703    i.USBD_FS_ConfigStrDescriptor  usbd_desc.o
    0x08007314   0x00000010   Code   RO          704    i.USBD_FS_DeviceDescriptor  usbd_desc.o
    0x08007324   0x00000038   Code   RO          705    i.USBD_FS_InterfaceStrDescriptor  usbd_desc.o
    0x0800735c   0x00000010   Code   RO          706    i.USBD_FS_LangIDStrDescriptor  usbd_desc.o
    0x0800736c   0x0000002c   Code   RO          707    i.USBD_FS_ManufacturerStrDescriptor  usbd_desc.o
    0x08007398   0x0000003c   Code   RO          708    i.USBD_FS_ProductStrDescriptor  usbd_desc.o
    0x080073d4   0x00000018   Code   RO          709    i.USBD_FS_SerialStrDescriptor  usbd_desc.o
    0x080073ec   0x00000056   Code   RO         4736    i.USBD_GetConfig    usbd_ctlreq.o
    0x08007442   0x000001fc   Code   RO         4737    i.USBD_GetDescriptor  usbd_ctlreq.o
    0x0800763e   0x00000016   Code   RO         4738    i.USBD_GetLen       usbd_ctlreq.o
    0x08007654   0x0000005a   Code   RO         4739    i.USBD_GetStatus    usbd_ctlreq.o
    0x080076ae   0x00000054   Code   RO         4740    i.USBD_GetString    usbd_ctlreq.o
    0x08007702   0x0000002c   Code   RO          865    i.USBD_Get_USB_Status  usbd_conf.o
    0x0800772e   0x0000003a   Code   RO         4597    i.USBD_Init         usbd_core.o
    0x08007768   0x00000026   Code   RO          866    i.USBD_LL_ClearStallEP  usbd_conf.o
    0x0800778e   0x00000026   Code   RO          867    i.USBD_LL_CloseEP   usbd_conf.o
    0x080077b4   0x000000e2   Code   RO         4598    i.USBD_LL_DataInStage  usbd_core.o
    0x08007896   0x0000008e   Code   RO         4599    i.USBD_LL_DataOutStage  usbd_core.o
    0x08007924   0x00000006   Code   RO         4600    i.USBD_LL_DevConnected  usbd_core.o
    0x0800792a   0x00000020   Code   RO         4601    i.USBD_LL_DevDisconnected  usbd_core.o
    0x0800794a   0x00000026   Code   RO          870    i.USBD_LL_FlushEP   usbd_conf.o
    0x08007970   0x00000012   Code   RO          871    i.USBD_LL_GetRxDataSize  usbd_conf.o
    0x08007982   0x00000002   PAD
    0x08007984   0x00000068   Code   RO          872    i.USBD_LL_Init      usbd_conf.o
    0x080079ec   0x00000038   Code   RO          873    i.USBD_LL_IsStallEP  usbd_conf.o
    0x08007a24   0x00000030   Code   RO         4602    i.USBD_LL_IsoINIncomplete  usbd_core.o
    0x08007a54   0x00000030   Code   RO         4603    i.USBD_LL_IsoOUTIncomplete  usbd_core.o
    0x08007a84   0x00000030   Code   RO          874    i.USBD_LL_OpenEP    usbd_conf.o
    0x08007ab4   0x00000030   Code   RO          875    i.USBD_LL_PrepareReceive  usbd_conf.o
    0x08007ae4   0x0000006c   Code   RO         4604    i.USBD_LL_Reset     usbd_core.o
    0x08007b50   0x00000016   Code   RO         4605    i.USBD_LL_Resume    usbd_core.o
    0x08007b66   0x0000002c   Code   RO         4606    i.USBD_LL_SOF       usbd_core.o
    0x08007b92   0x00000008   Code   RO         4607    i.USBD_LL_SetSpeed  usbd_core.o
    0x08007b9a   0x00000026   Code   RO          876    i.USBD_LL_SetUSBAddress  usbd_conf.o
    0x08007bc0   0x00000076   Code   RO         4608    i.USBD_LL_SetupStage  usbd_core.o
    0x08007c36   0x00000026   Code   RO          877    i.USBD_LL_StallEP   usbd_conf.o
    0x08007c5c   0x0000001e   Code   RO          878    i.USBD_LL_Start     usbd_conf.o
    0x08007c7a   0x00000014   Code   RO         4609    i.USBD_LL_Suspend   usbd_core.o
    0x08007c8e   0x00000030   Code   RO          880    i.USBD_LL_Transmit  usbd_conf.o
    0x08007cbe   0x00000012   Code   RO         4896    i.USBD_MSC_DataIn   usbd_msc.o
    0x08007cd0   0x00000012   Code   RO         4897    i.USBD_MSC_DataOut  usbd_msc.o
    0x08007ce2   0x0000003e   Code   RO         4898    i.USBD_MSC_DeInit   usbd_msc.o
    0x08007d20   0x00000010   Code   RO         4899    i.USBD_MSC_GetDeviceQualifierDescriptor  usbd_msc.o
    0x08007d30   0x00000010   Code   RO         4900    i.USBD_MSC_GetFSCfgDesc  usbd_msc.o
    0x08007d40   0x00000010   Code   RO         4901    i.USBD_MSC_GetHSCfgDesc  usbd_msc.o
    0x08007d50   0x00000010   Code   RO         4902    i.USBD_MSC_GetOtherSpeedCfgDesc  usbd_msc.o
    0x08007d60   0x00000076   Code   RO         4903    i.USBD_MSC_Init     usbd_msc.o
    0x08007dd6   0x00000010   Code   RO         4904    i.USBD_MSC_RegisterStorage  usbd_msc.o
    0x08007de6   0x0000014a   Code   RO         4905    i.USBD_MSC_Setup    usbd_msc.o
    0x08007f30   0x00000036   Code   RO         4741    i.USBD_ParseSetupRequest  usbd_ctlreq.o
    0x08007f66   0x0000002e   Code   RO         4610    i.USBD_RegisterClass  usbd_core.o
    0x08007f94   0x00000006   Code   RO         4611    i.USBD_RunTestMode  usbd_core.o
    0x08007f9a   0x0000005a   Code   RO         4742    i.USBD_SetAddress   usbd_ctlreq.o
    0x08007ff4   0x00000020   Code   RO         4612    i.USBD_SetClassConfig  usbd_core.o
    0x08008014   0x000000fc   Code   RO         4743    i.USBD_SetConfig    usbd_ctlreq.o
    0x08008110   0x00000018   Code   RO         4744    i.USBD_SetFeature   usbd_ctlreq.o
    0x08008128   0x0000000c   Code   RO         4613    i.USBD_Start        usbd_core.o
    0x08008134   0x000000a6   Code   RO         4745    i.USBD_StdDevReq    usbd_ctlreq.o
    0x080081da   0x0000022c   Code   RO         4746    i.USBD_StdEPReq     usbd_ctlreq.o
    0x08008406   0x0000007e   Code   RO         4747    i.USBD_StdItfReq    usbd_ctlreq.o
    0x08008484   0x00000002   Code   RO          881    i.USBD_static_free  usbd_conf.o
    0x08008486   0x00000002   PAD
    0x08008488   0x0000000c   Code   RO          882    i.USBD_static_malloc  usbd_conf.o
    0x08008494   0x000000d0   Code   RO         1333    i.USB_ActivateEndpoint  stm32f4xx_ll_usb.o
    0x08008564   0x00000028   Code   RO         1335    i.USB_ActivateSetup  stm32f4xx_ll_usb.o
    0x0800858c   0x00000084   Code   RO         1337    i.USB_CoreInit      stm32f4xx_ll_usb.o
    0x08008610   0x00000054   Code   RO         1338    i.USB_CoreReset     stm32f4xx_ll_usb.o
    0x08008664   0x0000014c   Code   RO         1341    i.USB_DeactivateEndpoint  stm32f4xx_ll_usb.o
    0x080087b0   0x00000024   Code   RO         1342    i.USB_DevConnect    stm32f4xx_ll_usb.o
    0x080087d4   0x00000024   Code   RO         1343    i.USB_DevDisconnect  stm32f4xx_ll_usb.o
    0x080087f8   0x000001e0   Code   RO         1344    i.USB_DevInit       stm32f4xx_ll_usb.o
    0x080089d8   0x0000000e   Code   RO         1345    i.USB_DisableGlobalInt  stm32f4xx_ll_usb.o
    0x080089e6   0x00000002   PAD
    0x080089e8   0x000001d8   Code   RO         1348    i.USB_EP0StartXfer  stm32f4xx_ll_usb.o
    0x08008bc0   0x00000070   Code   RO         1349    i.USB_EP0_OutStart  stm32f4xx_ll_usb.o
    0x08008c30   0x0000008e   Code   RO         1350    i.USB_EPClearStall  stm32f4xx_ll_usb.o
    0x08008cbe   0x0000009a   Code   RO         1351    i.USB_EPSetStall    stm32f4xx_ll_usb.o
    0x08008d58   0x00000344   Code   RO         1352    i.USB_EPStartXfer   stm32f4xx_ll_usb.o
    0x0800909c   0x0000000e   Code   RO         1353    i.USB_EnableGlobalInt  stm32f4xx_ll_usb.o
    0x080090aa   0x00000002   PAD
    0x080090ac   0x00000030   Code   RO         1354    i.USB_FlushRxFifo   stm32f4xx_ll_usb.o
    0x080090dc   0x00000034   Code   RO         1355    i.USB_FlushTxFifo   stm32f4xx_ll_usb.o
    0x08009110   0x00000026   Code   RO         1357    i.USB_GetDevSpeed   stm32f4xx_ll_usb.o
    0x08009136   0x0000000a   Code   RO         1359    i.USB_GetMode       stm32f4xx_ll_usb.o
    0x08009140   0x00000014   Code   RO         1366    i.USB_ReadDevAllInEpInterrupt  stm32f4xx_ll_usb.o
    0x08009154   0x00000014   Code   RO         1367    i.USB_ReadDevAllOutEpInterrupt  stm32f4xx_ll_usb.o
    0x08009168   0x00000032   Code   RO         1368    i.USB_ReadDevInEPInterrupt  stm32f4xx_ll_usb.o
    0x0800919a   0x0000001a   Code   RO         1369    i.USB_ReadDevOutEPInterrupt  stm32f4xx_ll_usb.o
    0x080091b4   0x0000000a   Code   RO         1370    i.USB_ReadInterrupts  stm32f4xx_ll_usb.o
    0x080091be   0x00000060   Code   RO         1371    i.USB_ReadPacket    stm32f4xx_ll_usb.o
    0x0800921e   0x00000068   Code   RO         1373    i.USB_SetCurrentMode  stm32f4xx_ll_usb.o
    0x08009286   0x0000002a   Code   RO         1374    i.USB_SetDevAddress  stm32f4xx_ll_usb.o
    0x080092b0   0x00000012   Code   RO         1375    i.USB_SetDevSpeed   stm32f4xx_ll_usb.o
    0x080092c2   0x00000002   PAD
    0x080092c4   0x000000e8   Code   RO         1376    i.USB_SetTurnaroundTime  stm32f4xx_ll_usb.o
    0x080093ac   0x00000044   Code   RO         1379    i.USB_WritePacket   stm32f4xx_ll_usb.o
    0x080093f0   0x00000018   Code   RO         6267    i.USER_initialize   user_diskio_1.o
    0x08009408   0x00000036   Code   RO         6268    i.USER_ioctl        user_diskio_1.o
    0x0800943e   0x00000022   Code   RO         6269    i.USER_read         user_diskio_1.o
    0x08009460   0x00000028   Code   RO         6270    i.USER_status       user_diskio_1.o
    0x08009488   0x00000024   Code   RO         6271    i.USER_write        user_diskio_1.o
    0x080094ac   0x00000004   Code   RO          540    i.UsageFault_Handler  stm32f4xx_it.o
    0x080094b0   0x00000008   Code   RO         6127    i.W25Q64_Init       w25q64.o
    0x080094b8   0x0000004c   Code   RO         6128    i.W25Q64_PageProgram  w25q64.o
    0x08009504   0x00000046   Code   RO         6129    i.W25Q64_Read       w25q64.o
    0x0800954a   0x00000030   Code   RO         6130    i.W25Q64_ReadID     w25q64.o
    0x0800957a   0x00000034   Code   RO         6131    i.W25Q64_SectorErase  w25q64.o
    0x080095ae   0x00000002   PAD
    0x080095b0   0x00000030   Code   RO         6132    i.W25Q64_WaitBusy   w25q64.o
    0x080095e0   0x000000b8   Code   RO         6133    i.W25Q64_Write      w25q64.o
    0x08009698   0x00000012   Code   RO         6134    i.W25Q64_WriteEnable  w25q64.o
    0x080096aa   0x00000046   Code   RO         6135    i.W25Q64_Write_NoCheck  w25q64.o
    0x080096f0   0x00000032   Code   RO         5518    i._Z10IsPixelBadtP14paramsMLX90640  mlx90640_api.o
    0x08009722   0x0000003a   Code   RO         5519    i._Z19CheckAdjacentPixelstt  mlx90640_api.o
    0x0800975c   0x000001fc   Code   RO         5520    i._Z19ExtractCPParametersPtP14paramsMLX90640  mlx90640_api.o
    0x08009958   0x0000003c   Code   RO         5521    i._Z20ExtractTgcParametersPtP14paramsMLX90640  mlx90640_api.o
    0x08009994   0x00000034   Code   RO         5522    i._Z20ExtractVDDParametersPtP14paramsMLX90640  mlx90640_api.o
    0x080099c8   0x000000cc   Code   RO         5523    i._Z21ExtractCILCParametersPtP14paramsMLX90640  mlx90640_api.o
    0x08009a94   0x00000014   Code   RO         5524    i._Z21ExtractGainParametersPtP14paramsMLX90640  mlx90640_api.o
    0x08009aa8   0x0000003c   Code   RO         5525    i._Z21ExtractKsTaParametersPtP14paramsMLX90640  mlx90640_api.o
    0x08009ae4   0x000000f8   Code   RO         5526    i._Z21ExtractKsToParametersPtP14paramsMLX90640  mlx90640_api.o
    0x08009bdc   0x000000d4   Code   RO         5527    i._Z21ExtractPTATParametersPtP14paramsMLX90640  mlx90640_api.o
    0x08009cb0   0x00000344   Code   RO         5528    i._Z22ExtractAlphaParametersPtP14paramsMLX90640  mlx90640_api.o
    0x08009ff4   0x0000015e   Code   RO         5529    i._Z22ExtractDeviatingPixelsPtP14paramsMLX90640  mlx90640_api.o
    0x0800a152   0x000001c0   Code   RO         5530    i._Z23ExtractOffsetParametersPtP14paramsMLX90640  mlx90640_api.o
    0x0800a312   0x00000236   Code   RO         5531    i._Z24ExtractKvPixelParametersPtP14paramsMLX90640  mlx90640_api.o
    0x0800a548   0x000002a4   Code   RO         5532    i._Z25ExtractKtaPixelParametersPtP14paramsMLX90640  mlx90640_api.o
    0x0800a7ec   0x0000000e   Code   RO         5533    i._Z27ExtractResolutionParametersPtP14paramsMLX90640  mlx90640_api.o
    0x0800a7fa   0x00000084   Code   RO         5534    i._Z9GetMedianPfi   mlx90640_api.o
    0x0800a87e   0x00000008   Code   RO         5745    i._ZSt4fabsf        mlx90640_api.o
    0x0800a886   0x0000000c   Code   RO         5751    i._ZSt4sqrtf        mlx90640_api.o
    0x0800a892   0x00000002   PAD
    0x0800a894   0x00000020   Code   RO         7086    i.__0printf         mc_w.l(printfa.o)
    0x0800a8b4   0x00000028   Code   RO         7088    i.__0sprintf        mc_w.l(printfa.o)
    0x0800a8dc   0x00000028   Code   RO         7162    i.__ARM_fpclassify  m_ws.l(fpclassify.o)
    0x0800a904   0x00000010   Code   RO         2439    i.__NVIC_GetPriorityGrouping  stm32f4xx_hal_cortex.o
    0x0800a914   0x00000028   Code   RO         2440    i.__NVIC_SetPriority  stm32f4xx_hal_cortex.o
    0x0800a93c   0x000000aa   Code   RO         7164    i.__kernel_poly     m_ws.l(poly.o)
    0x0800a9e6   0x00000002   PAD
    0x0800a9e8   0x00000010   Code   RO         7148    i.__mathlib_dbl_divzero  m_ws.l(dunder.o)
    0x0800a9f8   0x00000004   Code   RO         7150    i.__mathlib_dbl_infnan2  m_ws.l(dunder.o)
    0x0800a9fc   0x0000000c   Code   RO         7151    i.__mathlib_dbl_invalid  m_ws.l(dunder.o)
    0x0800aa08   0x0000000e   Code   RO         7152    i.__mathlib_dbl_overflow  m_ws.l(dunder.o)
    0x0800aa16   0x00000002   PAD
    0x0800aa18   0x00000010   Code   RO         7154    i.__mathlib_dbl_underflow  m_ws.l(dunder.o)
    0x0800aa28   0x0000000e   Code   RO         7226    i.__scatterload_copy  mc_w.l(handlers.o)
    0x0800aa36   0x00000002   Code   RO         7227    i.__scatterload_null  mc_w.l(handlers.o)
    0x0800aa38   0x0000000e   Code   RO         7228    i.__scatterload_zeroinit  mc_w.l(handlers.o)
    0x0800aa46   0x00000002   PAD
    0x0800aa48   0x0000000c   Code   RO         7200    i.__set_errno       mc_w.l(errno.o)
    0x0800aa54   0x00000164   Code   RO         7093    i._fp_digits        mc_w.l(printfa.o)
    0x0800abb8   0x000006dc   Code   RO         7094    i._printf_core      mc_w.l(printfa.o)
    0x0800b294   0x00000024   Code   RO         7095    i._printf_post_padding  mc_w.l(printfa.o)
    0x0800b2b8   0x0000002e   Code   RO         7096    i._printf_pre_padding  mc_w.l(printfa.o)
    0x0800b2e6   0x0000000a   Code   RO         7098    i._sputc            mc_w.l(printfa.o)
    0x0800b2f0   0x0000007c   Code   RO         6418    i.check_fs          ff.o
    0x0800b36c   0x00000014   Code   RO         6419    i.chk_chr           ff.o
    0x0800b380   0x0000007c   Code   RO         6420    i.chk_lock          ff.o
    0x0800b3fc   0x00000028   Code   RO         6421    i.clear_lock        ff.o
    0x0800b424   0x00000032   Code   RO         6422    i.clmt_clust        ff.o
    0x0800b456   0x0000001a   Code   RO         6423    i.clust2sect        ff.o
    0x0800b470   0x000000de   Code   RO         6424    i.create_chain      ff.o
    0x0800b54e   0x00000002   PAD
    0x0800b550   0x000000e0   Code   RO         6425    i.create_name       ff.o
    0x0800b630   0x00000044   Code   RO         6426    i.dec_lock          ff.o
    0x0800b674   0x00000060   Code   RO         6427    i.dir_alloc         ff.o
    0x0800b6d4   0x0000006c   Code   RO         6428    i.dir_find          ff.o
    0x0800b740   0x0000010c   Code   RO         6429    i.dir_next          ff.o
    0x0800b84c   0x0000003c   Code   RO         6431    i.dir_register      ff.o
    0x0800b888   0x0000009a   Code   RO         6433    i.dir_sdi           ff.o
    0x0800b922   0x00000002   PAD
    0x0800b924   0x0000002c   Code   RO         6351    i.disk_initialize   diskio.o
    0x0800b950   0x00000028   Code   RO         6352    i.disk_ioctl        diskio.o
    0x0800b978   0x00000030   Code   RO         6353    i.disk_read         diskio.o
    0x0800b9a8   0x0000001c   Code   RO         6354    i.disk_status       diskio.o
    0x0800b9c4   0x00000030   Code   RO         6355    i.disk_write        diskio.o
    0x0800b9f4   0x00000028   Code   RO         6434    i.enq_lock          ff.o
    0x0800ba1c   0x0000002c   Code   RO         6435    i.f_close           ff.o
    0x0800ba48   0x00000684   Code   RO         6441    i.f_mkfs            ff.o
    0x0800c0cc   0x00000060   Code   RO         6442    i.f_mount           ff.o
    0x0800c12c   0x00000230   Code   RO         6443    i.f_open            ff.o
    0x0800c35c   0x000001ac   Code   RO         6448    i.f_read            ff.o
    0x0800c508   0x000000a0   Code   RO         6452    i.f_sync            ff.o
    0x0800c5a8   0x000001ee   Code   RO         6455    i.f_write           ff.o
    0x0800c796   0x00000002   PAD
    0x0800c798   0x00000300   Code   RO         6456    i.find_volume       ff.o
    0x0800ca98   0x000000a2   Code   RO         6457    i.follow_path       ff.o
    0x0800cb3a   0x00000002   PAD
    0x0800cb3c   0x0000001c   Code   RO          484    i.fputc             usart.o
    0x0800cb58   0x000000e0   Code   RO         6458    i.get_fat           ff.o
    0x0800cc38   0x00000004   Code   RO         6231    i.get_fattime       fatfs_1.o
    0x0800cc3c   0x00000048   Code   RO         6460    i.get_ldnumber      ff.o
    0x0800cc84   0x000000bc   Code   RO         6461    i.inc_lock          ff.o
    0x0800cd40   0x00000034   Code   RO         5215    i.lcd_clear         lcd.o
    0x0800cd74   0x0000016c   Code   RO         5217    i.lcd_display_dir   lcd.o
    0x0800cee0   0x00000020   Code   RO         5223    i.lcd_draw_point    lcd.o
    0x0800cf00   0x0000022c   Code   RO         5225    i.lcd_ex_ili9341_reginit  lcd.o
    0x0800d12c   0x00000340   Code   RO         5226    i.lcd_ex_ili9806_reginit  lcd.o
    0x0800d46c   0x00000ef2   Code   RO         5227    i.lcd_ex_nt35310_reginit  lcd.o
    0x0800e35e   0x00000f6e   Code   RO         5228    i.lcd_ex_nt35510_reginit  lcd.o
    0x0800f2cc   0x00000168   Code   RO         5229    i.lcd_ex_ssd1963_reginit  lcd.o
    0x0800f434   0x000001a8   Code   RO         5230    i.lcd_ex_st7789_reginit  lcd.o
    0x0800f5dc   0x000001c6   Code   RO         5231    i.lcd_ex_st7796_reginit  lcd.o
    0x0800f7a2   0x00000002   PAD
    0x0800f7a4   0x00000550   Code   RO         5234    i.lcd_init          lcd.o
    0x0800fcf4   0x0000000c   Code   RO         5235    i.lcd_opt_delay     lcd.o
    0x0800fd00   0x00000018   Code   RO         5237    i.lcd_rd_data       lcd.o
    0x0800fd18   0x00000098   Code   RO         5238    i.lcd_read_point    lcd.o
    0x0800fdb0   0x0000023c   Code   RO         5239    i.lcd_scan_dir      lcd.o
    0x0800ffec   0x00000120   Code   RO         5240    i.lcd_set_cursor    lcd.o
    0x0801010c   0x00000170   Code   RO         5241    i.lcd_set_window    lcd.o
    0x0801027c   0x00000140   Code   RO         5242    i.lcd_show_char     lcd.o
    0x080103bc   0x0000006a   Code   RO         5244    i.lcd_show_string   lcd.o
    0x08010426   0x0000003c   Code   RO         5915    i.lcd_show_string_transparent  mlx90640.o
    0x08010462   0x00000002   PAD
    0x08010464   0x00000054   Code   RO         5246    i.lcd_ssd_backlight_set  lcd.o
    0x080104b8   0x00000018   Code   RO         5247    i.lcd_wr_data       lcd.o
    0x080104d0   0x00000018   Code   RO         5248    i.lcd_wr_regno      lcd.o
    0x080104e8   0x00000014   Code   RO         5249    i.lcd_write_ram_prepare  lcd.o
    0x080104fc   0x00000014   Code   RO         5250    i.lcd_write_reg     lcd.o
    0x08010510   0x00000026   Code   RO         6462    i.ld_clust          ff.o
    0x08010536   0x00000018   Code   RO         6463    i.ld_dword          ff.o
    0x0801054e   0x0000000c   Code   RO         6464    i.ld_word           ff.o
    0x0801055a   0x00000002   PAD
    0x0801055c   0x00000058   Code   RO          273    i.led_init          gpio.o
    0x080105b4   0x000005f8   Code   RO           17    i.main              main.o
    0x08010bac   0x00000024   Code   RO         6465    i.mem_cmp           ff.o
    0x08010bd0   0x0000001a   Code   RO         6466    i.mem_cpy           ff.o
    0x08010bea   0x00000012   Code   RO         6467    i.mem_set           ff.o
    0x08010bfc   0x00000034   Code   RO         6468    i.move_window       ff.o
    0x08010c30   0x000009b8   Code   RO         6823    i.pow               m_ws.l(pow.o)
    0x080115e8   0x00000138   Code   RO         6469    i.put_fat           ff.o
    0x08011720   0x0000009a   Code   RO         6473    i.remove_chain      ff.o
    0x080117ba   0x0000004c   Code   RO         7168    i.sqrt              m_ws.l(sqrt.o)
    0x08011806   0x0000002c   Code   RO         6833    i.sqrtf             m_ws.l(sqrtf.o)
    0x08011832   0x00000024   Code   RO         6474    i.st_clust          ff.o
    0x08011856   0x00000018   Code   RO         6475    i.st_dword          ff.o
    0x0801186e   0x0000000c   Code   RO         6476    i.st_word           ff.o
    0x0801187a   0x00000002   PAD
    0x0801187c   0x00000090   Code   RO         6477    i.sync_fs           ff.o
    0x0801190c   0x00000052   Code   RO         6478    i.sync_window       ff.o
    0x0801195e   0x0000003c   Code   RO         6479    i.validate          ff.o
    0x0801199a   0x00000002   PAD
    0x0801199c   0x00000043   Data   RO           19    .constdata          main.o
    0x080119df   0x00000024   Data   RO          798    .constdata          usbd_storage_if.o
    0x08011a03   0x00000018   Data   RO         4560    .constdata          system_stm32f4xx.o
    0x08011a1b   0x00003848   Data   RO         5252    .constdata          lcd.o
    0x08015263   0x00000001   PAD
    0x08015264   0x00000238   Data   RO         5916    .constdata          mlx90640.o
    0x0801549c   0x0000009c   Data   RO         6481    .constdata          ff.o
    0x08015538   0x00000088   Data   RO         6824    .constdata          m_ws.l(pow.o)
    0x080155c0   0x00000008   Data   RO         7166    .constdata          m_ws.l(qnan.o)
    0x080155c8   0x00000020   Data   RO         7224    Region$$Table       anon$$obj.o


    Execution Region RW_IRAM1 (Base: 0x20000000, Size: 0x00009c60, Max: 0x0001c000, ABSOLUTE, COMPRESSED[0x000000e0])

    Base Addr    Size         Type   Attr      Idx    E Section Name        Object

    0x20000000   0x00000024   Data   RW           20    .data               main.o
    0x20000024   0x00000008   Data   RW          350    .data               fsmc.o
    0x2000002c   0x0000004e   Data   RW          711    .data               usbd_desc.o
    0x2000007a   0x00000002   PAD
    0x2000007c   0x00000024   Data   RW          799    .data               usbd_storage_if.o
    0x200000a0   0x00000009   Data   RW         2588    .data               stm32f4xx_hal.o
    0x200000a9   0x00000003   PAD
    0x200000ac   0x00000004   Data   RW         4561    .data               system_stm32f4xx.o
    0x200000b0   0x00000001   Data   RW         4748    .data               usbd_ctlreq.o
    0x200000b1   0x00000003   PAD
    0x200000b4   0x000000a2   Data   RW         4906    .data               usbd_msc.o
    0x20000156   0x00000040   Data   RW         5055    .data               usbd_msc_data.o
    0x20000196   0x00000002   PAD
    0x20000198   0x00000008   Data   RW         5253    .data               lcd.o
    0x200001a0   0x00000002   Data   RW         5994    .data               mlx90640_i2c_driver.o
    0x200001a2   0x00000005   Data   RW         6233    .data               fatfs_1.o
    0x200001a7   0x00000001   PAD
    0x200001a8   0x00000018   Data   RW         6272    .data               user_diskio_1.o
    0x200001c0   0x00000006   Data   RW         6482    .data               ff.o
    0x200001c6   0x00000002   PAD
    0x200001c8   0x00000004   Data   RW         7189    .data               mc_w.l(stdout.o)
    0x200001cc   0x00000004   Data   RW         7201    .data               mc_w.l(errno.o)
    0x200001d0   0x00003ec8   Zero   RW           18    .bss                main.o
    0x20004098   0x00000048   Zero   RW          305    .bss                adc.o
    0x200040e0   0x00000050   Zero   RW          349    .bss                fsmc.o
    0x20004130   0x00000054   Zero   RW          400    .bss                i2c.o
    0x20004184   0x00000058   Zero   RW          442    .bss                spi.o
    0x200041dc   0x00000044   Zero   RW          485    .bss                usart.o
    0x20004220   0x000002d0   Zero   RW          648    .bss                usb_device.o
    0x200044f0   0x00000200   Zero   RW          710    .bss                usbd_desc.o
    0x200046f0   0x00001480   Zero   RW          883    .bss                usbd_conf.o
    0x20005b70   0x0000005e   Zero   RW         5251    .bss                lcd.o
    0x20005bce   0x00001000   Zero   RW         6136    .bss                w25q64.o
    0x20006bce   0x00000002   PAD
    0x20006bd0   0x00002060   Zero   RW         6232    .bss                fatfs_1.o
    0x20008c30   0x00000020   Zero   RW         6480    .bss                ff.o
    0x20008c50   0x0000000c   Zero   RW         6779    .bss                ff_gen_drv.o
    0x20008c5c   0x00000004   PAD
    0x20008c60   0x00001000   Zero   RW            1    STACK               startup_stm32f407xx.o


    Execution Region RW_IRAM2 (Base: 0x2001c000, Size: 0x00000000, Max: 0x00004000, ABSOLUTE)

    **** No section assigned to this execution region ****


==============================================================================

Image component sizes


      Code (inc. data)   RO Data    RW Data    ZI Data      Debug   Object Name

       240         26          0          0         72       1809   adc.o
       208         24          0          0          0       8345   diskio.o
        32         12          0          5       8288       1636   fatfs_1.o
      7518        166        156          6         32      39358   ff.o
       102          6          0          0         12       1699   ff_gen_drv.o
       342         36          0          8         80       2423   fsmc.o
       492         20          0          0          0       1822   gpio.o
       196         24          0          0         84       1749   i2c.o
     14224        164      14408          8         94      26396   lcd.o
      2514        946         67         36      16072     727799   main.o
      1632        102        568          0          0       9852   mlx90640.o
      8132        140          0          0          0      31778   mlx90640_api.o
       220         14          0          2          0       4170   mlx90640_i2c_driver.o
       204         20          0          0         88       1761   spi.o
        36          8        392          0       4096        836   startup_stm32f407xx.o
       212         36          0          9          0       9525   stm32f4xx_hal.o
       852         28          0          0          0       2779   stm32f4xx_hal_adc.o
       304         22          0          0          0      34455   stm32f4xx_hal_cortex.o
       556         48          0          0          0       3416   stm32f4xx_hal_gpio.o
      2856         46          0          0          0      11338   stm32f4xx_hal_i2c.o
        72          4          0          0          0        906   stm32f4xx_hal_msp.o
      3296         14          0          0          0      13324   stm32f4xx_hal_pcd.o
        90          0          0          0          0       2453   stm32f4xx_hal_pcd_ex.o
      1820         84          0          0          0       5640   stm32f4xx_hal_rcc.o
      1078         14          0          0          0       4585   stm32f4xx_hal_spi.o
        88          0          0          0          0       1216   stm32f4xx_hal_sram.o
      1026         10          0          0          0       3852   stm32f4xx_hal_uart.o
        70          6          0          0          0       5724   stm32f4xx_it.o
       232         10          0          0          0       2735   stm32f4xx_ll_fsmc.o
      3926         98          0          0          0      22370   stm32f4xx_ll_usb.o
         2          0         24          4          0       1223   system_stm32f4xx.o
       220         30          0          0         68       2422   usart.o
        76         16          0          0        720       5707   usb_device.o
      1042         24          0          0       5248      17954   usbd_conf.o
      1004          0          0          0          0      13221   usbd_core.o
      2162         28          0          1          0      17012   usbd_ctlreq.o
       382        118          0         78        512       6865   usbd_desc.o
       134          0          0          0          0       3896   usbd_ioreq.o
       626         24          0        162          0       9586   usbd_msc.o
       876         12          0          0          0       7793   usbd_msc_bot.o
         0          0          0         64          0       1033   usbd_msc_data.o
      3650         16          0          0          0      18715   usbd_msc_scsi.o
       136         10         36         36          0       5048   usbd_storage_if.o
       188         10          0         24          0       4120   user_diskio_1.o
       670         30          0          0       4096       8352   w25q64.o

    ----------------------------------------------------------------------
     63784       2446      15684        456      39568    1108698   Object Totals
         0          0         32          0          0          0   (incl. Generated)
        46          0          1         13          6          0   (incl. Padding)

    ----------------------------------------------------------------------

      Code (inc. data)   RO Data    RW Data    ZI Data      Debug   Library Member Name

        62         10          0          0          0        340   dunder.o
        40          0          0          0          0         68   fpclassify.o
       170          0          0          0          0         96   poly.o
      2488        190        136          0          0        300   pow.o
         0          0          8          0          0          0   qnan.o
        76          0          0          0          0         84   sqrt.o
        44          0          0          0          0         80   sqrtf.o
        86          0          0          0          0          0   __dczerorl2.o
         0          0          0          0          0          0   entry.o
         0          0          0          0          0          0   entry10a.o
         0          0          0          0          0          0   entry11a.o
         8          4          0          0          0          0   entry2.o
         4          0          0          0          0          0   entry5.o
         0          0          0          0          0          0   entry7b.o
         0          0          0          0          0          0   entry8b.o
         8          4          0          0          0          0   entry9a.o
        12          6          0          4          0         68   errno.o
        30          0          0          0          0          0   handlers.o
        36          8          0          0          0         68   init.o
         0          0          0          0          0          0   iusefp.o
        30          0          0          0          0         68   llshl.o
        36          0          0          0          0         68   llsshr.o
        32          0          0          0          0         68   llushr.o
        36          0          0          0          0         68   memcpya.o
        36          0          0          0          0        108   memseta.o
      2276         96          0          0          0        596   printfa.o
         0          0          0          4          0          0   stdout.o
        14          0          0          0          0         68   strlen.o
        44          0          0          0          0         80   uidiv.o
        98          0          0          0          0         92   uldiv.o
        48          0          0          0          0         68   cdrcmple.o
        20          0          0          0          0         68   cfcmple.o
        20          0          0          0          0         68   cfrcmple.o
        56          0          0          0          0         88   d2f.o
       334          0          0          0          0        148   dadd.o
       222          0          0          0          0        100   ddiv.o
       186          0          0          0          0        176   depilogue.o
        50          0          0          0          0         76   dfixui.o
        48          0          0          0          0         68   dfixul.o
        34          0          0          0          0         76   dflti.o
        26          0          0          0          0         76   dfltui.o
       228          0          0          0          0         96   dmul.o
        46          0          0          0          0         80   dscalb.o
       162          0          0          0          0        100   dsqrt.o
        38          0          0          0          0         68   f2d.o
       176          0          0          0          0        140   fadd.o
       124          0          0          0          0         88   fdiv.o
       110          0          0          0          0        168   fepilogue.o
        50          0          0          0          0         68   ffixi.o
        40          0          0          0          0         68   ffixui.o
        18          0          0          0          0         68   fflti.o
        10          0          0          0          0         68   ffltui.o
       100          0          0          0          0         76   fmul.o
        94          0          0          0          0         96   fsqrt.o

    ----------------------------------------------------------------------
      7916        318        144          8          0       4516   Library Totals
        10          0          0          0          0          0   (incl. Padding)

    ----------------------------------------------------------------------

      Code (inc. data)   RO Data    RW Data    ZI Data      Debug   Library Name

      2880        200        144          0          0        968   m_ws.l
      2786        118          0          8          0       1352   mc_w.l
      2240          0          0          0          0       2196   mf_w.l

    ----------------------------------------------------------------------
      7916        318        144          8          0       4516   Library Totals

    ----------------------------------------------------------------------

==============================================================================


      Code (inc. data)   RO Data    RW Data    ZI Data      Debug   

     71700       2764      15828        464      39568    1091138   Grand Totals
     71700       2764      15828        224      39568    1091138   ELF Image Totals (compressed)
     71700       2764      15828        224          0          0   ROM Totals

==============================================================================

    Total RO  Size (Code + RO Data)                87528 (  85.48kB)
    Total RW  Size (RW Data + ZI Data)             40032 (  39.09kB)
    Total ROM Size (Code + RO Data + RW Data)      87752 (  85.70kB)

==============================================================================

